<html>
<body>
<pre>
<h1>µVision Build Log</h1>
<h2>Tool Versions:</h2>
IDE-Version: ¦ÌVision V5.30.0.0
Copyright (C) 2020 ARM Ltd and ARM Germany GmbH. All rights reserved.
License Information: Yu Jiahang, 1, LIC=65ISZ-JP29B-HLVCL-0KQ9J-2CWLR-59JXQ
 
Tool Versions:
Toolchain:       MDK-ARM Plus  Version: 5.30.0.0
Toolchain Path:  D:\Keil_v5\ARM\ARMCC\Bin
C Compiler:      Armcc.exe V5.06 update 6 (build 750)
Assembler:       Armasm.exe V5.06 update 6 (build 750)
Linker/Locator:  ArmLink.exe V5.06 update 6 (build 750)
Library Manager: ArmAr.exe V5.06 update 6 (build 750)
Hex Converter:   FromElf.exe V5.06 update 6 (build 750)
CPU DLL:         SARMCM3.DLL V5.30.0.0
Dialog DLL:      DCM.DLL V1.17.3.0
Target DLL:      Segger\JL2CM3.dll V2.99.38.0
Dialog DLL:      TCM.DLL V1.42.0.0
 
<h2>Project:</h2>
D:\RT-ThreadStudio\workspace\STM32F407ZET6-FreeRTOS\MDK-ARM\STM32F407ZET6-FreeRTOS.uvprojx
Project File Date:  07/11/2023

<h2>Output:</h2>
*** Using Compiler 'V5.06 update 6 (build 750)', folder: 'D:\Keil_v5\ARM\ARMCC\Bin'
Build target 'STM32F407ZET6-FreeRTOS'
compiling croutine.c...
compiling list.c...
compiling SEGGER_SYSVIEW_FreeRTOS.c...
compiling event_groups.c...
compiling queue.c...
compiling heap_4.c...
compiling timers.c...
compiling port.c...
compiling SEGGER_SYSVIEW_Config_FreeRTOS.c...
compiling tasks.c...
compiling stm32f4xx_it.c...
compiling main.c...
linking...
Program Size: Code=11374 RO-data=598 RW-data=132 ZI-data=22564  
FromELF: creating hex file...
"STM32F407ZET6-FreeRTOS\STM32F407ZET6-FreeRTOS.axf" - 0 Error(s), 0 Warning(s).

<h2>Software Packages used:</h2>

Package Vendor: ARM
                http://www.keil.com/pack/ARM.CMSIS.5.7.0.pack
                ARM.CMSIS.5.7.0
                CMSIS (Cortex Microcontroller Software Interface Standard)
   * Component: CORE Version: 5.4.0

Package Vendor: Keil
                http://www.keil.com/pack/Keil.STM32F4xx_DFP.2.15.0.pack
                Keil.STM32F4xx_DFP.2.15.0
                STMicroelectronics STM32F4 Series Device Support, Drivers and Examples

<h2>Collection of Component include folders:</h2>
  .\RTE\_STM32F407ZET6-FreeRTOS
  D:\Keil_Packs\ARM\CMSIS\5.7.0\CMSIS\Core\Include
  D:\Keil_Packs\Keil\STM32F4xx_DFP\2.15.0\Drivers\CMSIS\Device\ST\STM32F4xx\Include

<h2>Collection of Component Files used:</h2>

   * Component: ARM::CMSIS:CORE:5.4.0
Build Time Elapsed:  00:00:04
</pre>
</body>
</html>
