Component: ARM Compiler 5.06 update 6 (build 750) Tool: armlink [4d35ed]

==============================================================================

Section Cross References

    startup_stm32f407xx.o(STACK) refers (Special) to heapauxi.o(.text) for __use_two_region_memory
    startup_stm32f407xx.o(HEAP) refers (Special) to heapauxi.o(.text) for __use_two_region_memory
    startup_stm32f407xx.o(RESET) refers (Special) to heapauxi.o(.text) for __use_two_region_memory
    startup_stm32f407xx.o(RESET) refers to startup_stm32f407xx.o(STACK) for __initial_sp
    startup_stm32f407xx.o(RESET) refers to startup_stm32f407xx.o(.text) for Reset_Handler
    startup_stm32f407xx.o(RESET) refers to stm32f4xx_it.o(i.NMI_Handler) for NMI_Handler
    startup_stm32f407xx.o(RESET) refers to stm32f4xx_it.o(i.HardFault_Handler) for HardFault_Handler
    startup_stm32f407xx.o(RESET) refers to stm32f4xx_it.o(i.MemManage_Handler) for MemManage_Handler
    startup_stm32f407xx.o(RESET) refers to stm32f4xx_it.o(i.BusFault_Handler) for BusFault_Handler
    startup_stm32f407xx.o(RESET) refers to stm32f4xx_it.o(i.UsageFault_Handler) for UsageFault_Handler
    startup_stm32f407xx.o(RESET) refers to port.o(.emb_text) for SVC_Handler
    startup_stm32f407xx.o(RESET) refers to stm32f4xx_it.o(i.DebugMon_Handler) for DebugMon_Handler
    startup_stm32f407xx.o(RESET) refers to stm32f4xx_it.o(i.SysTick_Handler) for SysTick_Handler
    startup_stm32f407xx.o(RESET) refers to stm32f4xx_it.o(i.TIM4_IRQHandler) for TIM4_IRQHandler
    startup_stm32f407xx.o(RESET) refers to stm32f4xx_it.o(i.USART6_IRQHandler) for USART6_IRQHandler
    startup_stm32f407xx.o(.text) refers (Special) to heapauxi.o(.text) for __use_two_region_memory
    startup_stm32f407xx.o(.text) refers to system_stm32f4xx.o(i.SystemInit) for SystemInit
    startup_stm32f407xx.o(.text) refers to __main.o(!!!main) for __main
    startup_stm32f407xx.o(.text) refers to startup_stm32f407xx.o(HEAP) for Heap_Mem
    startup_stm32f407xx.o(.text) refers to startup_stm32f407xx.o(STACK) for Stack_Mem
    main.o(i.HAL_TIM_PeriodElapsedCallback) refers to stm32f4xx_hal.o(i.HAL_IncTick) for HAL_IncTick
    main.o(i.SystemClock_Config) refers to rt_memclr_w.o(.text) for __aeabi_memclr4
    main.o(i.SystemClock_Config) refers to stm32f4xx_hal_rcc.o(i.HAL_RCC_OscConfig) for HAL_RCC_OscConfig
    main.o(i.SystemClock_Config) refers to stm32f4xx_hal_rcc.o(i.HAL_RCC_ClockConfig) for HAL_RCC_ClockConfig
    main.o(i.main) refers to stm32f4xx_hal.o(i.HAL_Init) for HAL_Init
    main.o(i.main) refers to main.o(i.SystemClock_Config) for SystemClock_Config
    main.o(i.main) refers to gpio.o(i.MX_GPIO_Init) for MX_GPIO_Init
    main.o(i.main) refers to usart.o(i.MX_USART6_UART_Init) for MX_USART6_UART_Init
    main.o(i.main) refers to tasks.o(i.xTaskCreate) for xTaskCreate
    main.o(i.main) refers to segger_sysview_config_freertos.o(i.SEGGER_SYSVIEW_Conf) for SEGGER_SYSVIEW_Conf
    main.o(i.main) refers to tasks.o(i.vTaskStartScheduler) for vTaskStartScheduler
    main.o(i.main) refers to main.o(.data) for .data
    main.o(i.main) refers to main.o(i.task1) for task1
    main.o(i.main) refers to main.o(i.task2) for task2
    usart.o(i.HAL_UART_MspDeInit) refers to stm32f4xx_hal_gpio.o(i.HAL_GPIO_DeInit) for HAL_GPIO_DeInit
    usart.o(i.HAL_UART_MspDeInit) refers to stm32f4xx_hal_cortex.o(i.HAL_NVIC_DisableIRQ) for HAL_NVIC_DisableIRQ
    usart.o(i.HAL_UART_MspInit) refers to rt_memclr_w.o(.text) for __aeabi_memclr4
    usart.o(i.HAL_UART_MspInit) refers to stm32f4xx_hal_gpio.o(i.HAL_GPIO_Init) for HAL_GPIO_Init
    usart.o(i.HAL_UART_MspInit) refers to stm32f4xx_hal_cortex.o(i.HAL_NVIC_SetPriority) for HAL_NVIC_SetPriority
    usart.o(i.HAL_UART_MspInit) refers to stm32f4xx_hal_cortex.o(i.HAL_NVIC_EnableIRQ) for HAL_NVIC_EnableIRQ
    usart.o(i.MX_USART6_UART_Init) refers to stm32f4xx_hal_uart.o(i.HAL_UART_Init) for HAL_UART_Init
    usart.o(i.MX_USART6_UART_Init) refers to main.o(i.Error_Handler) for Error_Handler
    usart.o(i.MX_USART6_UART_Init) refers to usart.o(.bss) for .bss
    stm32f4xx_it.o(i.SysTick_Handler) refers to port.o(i.xPortSysTickHandler) for xPortSysTickHandler
    stm32f4xx_it.o(i.TIM4_IRQHandler) refers to segger_sysview.o(i.SEGGER_SYSVIEW_RecordEnterISR) for SEGGER_SYSVIEW_RecordEnterISR
    stm32f4xx_it.o(i.TIM4_IRQHandler) refers to stm32f4xx_hal_tim.o(i.HAL_TIM_IRQHandler) for HAL_TIM_IRQHandler
    stm32f4xx_it.o(i.TIM4_IRQHandler) refers to segger_sysview.o(i.SEGGER_SYSVIEW_RecordExitISR) for SEGGER_SYSVIEW_RecordExitISR
    stm32f4xx_it.o(i.TIM4_IRQHandler) refers to stm32f4xx_hal_timebase_tim.o(.bss) for htim4
    stm32f4xx_it.o(i.USART6_IRQHandler) refers to stm32f4xx_hal_uart.o(i.HAL_UART_IRQHandler) for HAL_UART_IRQHandler
    stm32f4xx_it.o(i.USART6_IRQHandler) refers to usart.o(.bss) for huart6
    stm32f4xx_hal_timebase_tim.o(i.HAL_InitTick) refers to stm32f4xx_hal_rcc.o(i.HAL_RCC_GetClockConfig) for HAL_RCC_GetClockConfig
[...]
    .ARM.Collect$$libinit$$00000004          0x08000202   Section        0  libinit2.o(.ARM.Collect$$libinit$$00000004)
    .ARM.Collect$$libinit$$0000000A          0x08000202   Section        0  libinit2.o(.ARM.Collect$$libinit$$0000000A)
    .ARM.Collect$$libinit$$0000000C          0x08000202   Section        0  libinit2.o(.ARM.Collect$$libinit$$0000000C)
    .ARM.Collect$$libinit$$0000000E          0x08000202   Section        0  libinit2.o(.ARM.Collect$$libinit$$0000000E)
    .ARM.Collect$$libinit$$00000011          0x08000202   Section        0  libinit2.o(.ARM.Collect$$libinit$$00000011)
    .ARM.Collect$$libinit$$00000013          0x08000202   Section        0  libinit2.o(.ARM.Collect$$libinit$$00000013)
    .ARM.Collect$$libinit$$00000015          0x08000202   Section        0  libinit2.o(.ARM.Collect$$libinit$$00000015)
    .ARM.Collect$$libinit$$00000017          0x08000202   Section        0  libinit2.o(.ARM.Collect$$libinit$$00000017)
    .ARM.Collect$$libinit$$00000019          0x08000202   Section        0  libinit2.o(.ARM.Collect$$libinit$$00000019)
    .ARM.Collect$$libinit$$0000001B          0x08000202   Section        0  libinit2.o(.ARM.Collect$$libinit$$0000001B)
    .ARM.Collect$$libinit$$0000001D          0x08000202   Section        0  libinit2.o(.ARM.Collect$$libinit$$0000001D)
    .ARM.Collect$$libinit$$0000001F          0x08000202   Section        0  libinit2.o(.ARM.Collect$$libinit$$0000001F)
    .ARM.Collect$$libinit$$00000021          0x08000202   Section        0  libinit2.o(.ARM.Collect$$libinit$$00000021)
    .ARM.Collect$$libinit$$00000023          0x08000202   Section        0  libinit2.o(.ARM.Collect$$libinit$$00000023)
    .ARM.Collect$$libinit$$00000025          0x08000202   Section        0  libinit2.o(.ARM.Collect$$libinit$$00000025)
    .ARM.Collect$$libinit$$0000002C          0x08000202   Section        0  libinit2.o(.ARM.Collect$$libinit$$0000002C)
    .ARM.Collect$$libinit$$0000002E          0x08000202   Section        0  libinit2.o(.ARM.Collect$$libinit$$0000002E)
    .ARM.Collect$$libinit$$00000030          0x08000202   Section        0  libinit2.o(.ARM.Collect$$libinit$$00000030)
    .ARM.Collect$$libinit$$00000032          0x08000202   Section        0  libinit2.o(.ARM.Collect$$libinit$$00000032)
    .ARM.Collect$$libinit$$00000033          0x08000202   Section        2  libinit2.o(.ARM.Collect$$libinit$$00000033)
    .ARM.Collect$$libshutdown$$00000000      0x08000204   Section        2  libshutdown.o(.ARM.Collect$$libshutdown$$00000000)
    .ARM.Collect$$libshutdown$$00000002      0x08000206   Section        0  libshutdown2.o(.ARM.Collect$$libshutdown$$00000002)
    .ARM.Collect$$libshutdown$$00000004      0x08000206   Section        0  libshutdown2.o(.ARM.Collect$$libshutdown$$00000004)
    .ARM.Collect$$libshutdown$$00000007      0x08000206   Section        0  libshutdown2.o(.ARM.Collect$$libshutdown$$00000007)
    .ARM.Collect$$libshutdown$$0000000A      0x08000206   Section        0  libshutdown2.o(.ARM.Collect$$libshutdown$$0000000A)
    .ARM.Collect$$libshutdown$$0000000C      0x08000206   Section        0  libshutdown2.o(.ARM.Collect$$libshutdown$$0000000C)
    .ARM.Collect$$libshutdown$$0000000F      0x08000206   Section        0  libshutdown2.o(.ARM.Collect$$libshutdown$$0000000F)
    .ARM.Collect$$libshutdown$$00000010      0x08000206   Section        2  libshutdown2.o(.ARM.Collect$$libshutdown$$00000010)
    .ARM.Collect$$rtentry$$00000000          0x08000208   Section        0  __rtentry.o(.ARM.Collect$$rtentry$$00000000)
    .ARM.Collect$$rtentry$$00000002          0x08000208   Section        0  __rtentry2.o(.ARM.Collect$$rtentry$$00000002)
    .ARM.Collect$$rtentry$$00000004          0x08000208   Section        6  __rtentry4.o(.ARM.Collect$$rtentry$$00000004)
    .ARM.Collect$$rtentry$$00000009          0x0800020e   Section        0  __rtentry2.o(.ARM.Collect$$rtentry$$00000009)
    .ARM.Collect$$rtentry$$0000000A          0x0800020e   Section        4  __rtentry2.o(.ARM.Collect$$rtentry$$0000000A)
    .ARM.Collect$$rtentry$$0000000C          0x08000212   Section        0  __rtentry2.o(.ARM.Collect$$rtentry$$0000000C)
    .ARM.Collect$$rtentry$$0000000D          0x08000212   Section        8  __rtentry2.o(.ARM.Collect$$rtentry$$0000000D)
    .ARM.Collect$$rtexit$$00000000           0x0800021a   Section        2  rtexit.o(.ARM.Collect$$rtexit$$00000000)
    .ARM.Collect$$rtexit$$00000002           0x0800021c   Section        0  rtexit2.o(.ARM.Collect$$rtexit$$00000002)
    .ARM.Collect$$rtexit$$00000003           0x0800021c   Section        4  rtexit2.o(.ARM.Collect$$rtexit$$00000003)
    .ARM.Collect$$rtexit$$00000004           0x08000220   Section        6  rtexit2.o(.ARM.Collect$$rtexit$$00000004)
    .emb_text                                0x08000228   Section      182  port.o(.emb_text)
    $v0                                      0x08000228   Number         0  port.o(.emb_text)
    .text                                    0x080002e0   Section       64  startup_stm32f407xx.o(.text)
    $v0                                      0x080002e0   Number         0  startup_stm32f407xx.o(.text)
    .text                                    0x08000320   Section      238  lludivv7m.o(.text)
    .text                                    0x0800040e   Section        0  memcmp.o(.text)
    .text                                    0x08000466   Section      138  rt_memcpy_v6.o(.text)
    .text                                    0x080004f0   Section       78  rt_memclr_w.o(.text)
    .text                                    0x0800053e   Section        0  heapauxi.o(.text)
    .text                                    0x08000544   Section      100  rt_memcpy_w.o(.text)
    .text                                    0x080005a8   Section       74  sys_stackheap_outer.o(.text)
    .text                                    0x080005f2   Section        0  exit.o(.text)
    .text                                    0x08000604   Section        8  libspace.o(.text)
    .text                                    0x0800060c   Section        0  sys_exit.o(.text)
    .text                                    0x08000618   Section        2  use_no_semi.o(.text)
    .text                                    0x0800061a   Section        0  indicate_semi.o(.text)
    i.BusFault_Handler                       0x0800061a   Section        0  stm32f4xx_it.o(i.BusFault_Handler)
    i.DebugMon_Handler                       0x0800061c   Section        0  stm32f4xx_it.o(i.DebugMon_Handler)
    i.Error_Handler                          0x0800061e   Section        0  main.o(i.Error_Handler)
    i.HAL_DMA_Abort                          0x08000622   Section        0  stm32f4xx_hal_dma.o(i.HAL_DMA_Abort)
    i.HAL_DMA_Abort_IT                       0x080006b4   Section        0  stm32f4xx_hal_dma.o(i.HAL_DMA_Abort_IT)
    i.HAL_GPIO_Init                          0x080006d8   Section        0  stm32f4xx_hal_gpio.o(i.HAL_GPIO_Init)
    i.HAL_GetTick                            0x080008c8   Section        0  stm32f4xx_hal.o(i.HAL_GetTick)
    i.HAL_IncTick                            0x080008d4   Section        0  stm32f4xx_hal.o(i.HAL_IncTick)
    i.HAL_Init                               0x080008e4   Section        0  stm32f4xx_hal.o(i.HAL_Init)
    i.HAL_InitTick                           0x08000918   Section        0  stm32f4xx_hal_timebase_tim.o(i.HAL_InitTick)
    i.HAL_MspInit                            0x080009b0   Section        0  stm32f4xx_hal_msp.o(i.HAL_MspInit)
    i.HAL_NVIC_EnableIRQ                     0x080009e0   Section        0  stm32f4xx_hal_cortex.o(i.HAL_NVIC_EnableIRQ)
    i.HAL_NVIC_SetPriority                   0x080009fc   Section        0  stm32f4xx_hal_cortex.o(i.HAL_NVIC_SetPriority)
    i.HAL_NVIC_SetPriorityGrouping           0x08000a3c   Section        0  stm32f4xx_hal_cortex.o(i.HAL_NVIC_SetPriorityGrouping)
    i.HAL_RCC_ClockConfig                    0x08000a60   Section        0  stm32f4xx_hal_rcc.o(i.HAL_RCC_ClockConfig)
    i.HAL_RCC_GetClockConfig                 0x08000b94   Section        0  stm32f4xx_hal_rcc.o(i.HAL_RCC_GetClockConfig)
    i.HAL_RCC_GetPCLK1Freq                   0x08000bd4   Section        0  stm32f4xx_hal_rcc.o(i.HAL_RCC_GetPCLK1Freq)
    i.HAL_RCC_GetPCLK2Freq                   0x08000bf4   Section        0  stm32f4xx_hal_rcc.o(i.HAL_RCC_GetPCLK2Freq)
    i.HAL_RCC_GetSysClockFreq                0x08000c14   Section        0  stm32f4xx_hal_rcc.o(i.HAL_RCC_GetSysClockFreq)
    i.HAL_RCC_OscConfig                      0x08000c78   Section        0  stm32f4xx_hal_rcc.o(i.HAL_RCC_OscConfig)
    i.HAL_TIMEx_BreakCallback                0x08000fe4   Section        0  stm32f4xx_hal_tim_ex.o(i.HAL_TIMEx_BreakCallback)
    i.HAL_TIMEx_CommutCallback               0x08000fe6   Section        0  stm32f4xx_hal_tim_ex.o(i.HAL_TIMEx_CommutCallback)
    i.HAL_TIM_Base_Init                      0x08000fe8   Section        0  stm32f4xx_hal_tim.o(i.HAL_TIM_Base_Init)
    i.HAL_TIM_Base_MspInit                   0x08001042   Section        0  stm32f4xx_hal_tim.o(i.HAL_TIM_Base_MspInit)
    i.HAL_TIM_Base_Start_IT                  0x08001044   Section        0  stm32f4xx_hal_tim.o(i.HAL_TIM_Base_Start_IT)
    i.HAL_TIM_IC_CaptureCallback             0x080010c4   Section        0  stm32f4xx_hal_tim.o(i.HAL_TIM_IC_CaptureCallback)
    i.HAL_TIM_IRQHandler                     0x080010c6   Section        0  stm32f4xx_hal_tim.o(i.HAL_TIM_IRQHandler)
    i.HAL_TIM_OC_DelayElapsedCallback        0x0800122c   Section        0  stm32f4xx_hal_tim.o(i.HAL_TIM_OC_DelayElapsedCallback)
    i.HAL_TIM_PWM_PulseFinishedCallback      0x0800122e   Section        0  stm32f4xx_hal_tim.o(i.HAL_TIM_PWM_PulseFinishedCallback)
    i.HAL_TIM_PeriodElapsedCallback          0x08001230   Section        0  main.o(i.HAL_TIM_PeriodElapsedCallback)
    i.HAL_TIM_TriggerCallback                0x08001244   Section        0  stm32f4xx_hal_tim.o(i.HAL_TIM_TriggerCallback)
    i.HAL_UARTEx_RxEventCallback             0x08001246   Section        0  stm32f4xx_hal_uart.o(i.HAL_UARTEx_RxEventCallback)
    i.HAL_UART_ErrorCallback                 0x08001248   Section        0  stm32f4xx_hal_uart.o(i.HAL_UART_ErrorCallback)
    i.HAL_UART_IRQHandler                    0x0800124c   Section        0  stm32f4xx_hal_uart.o(i.HAL_UART_IRQHandler)
    i.HAL_UART_Init                          0x080014b4   Section        0  stm32f4xx_hal_uart.o(i.HAL_UART_Init)
    i.HAL_UART_MspInit                       0x08001518   Section        0  usart.o(i.HAL_UART_MspInit)
    i.HAL_UART_RxCpltCallback                0x08001590   Section        0  stm32f4xx_hal_uart.o(i.HAL_UART_RxCpltCallback)
    i.HAL_UART_TxCpltCallback                0x08001592   Section        0  stm32f4xx_hal_uart.o(i.HAL_UART_TxCpltCallback)
    i.HardFault_Handler                      0x08001594   Section        0  stm32f4xx_it.o(i.HardFault_Handler)
    i.MX_GPIO_Init                           0x08001598   Section        0  gpio.o(i.MX_GPIO_Init)
    i.MX_USART6_UART_Init                    0x080015c4   Section        0  usart.o(i.MX_USART6_UART_Init)
    i.MemManage_Handler                      0x080015fc   Section        0  stm32f4xx_it.o(i.MemManage_Handler)
    i.NMI_Handler                            0x080015fe   Section        0  stm32f4xx_it.o(i.NMI_Handler)
    i.SEGGER_RTT_AllocUpBuffer               0x08001600   Section        0  segger_rtt.o(i.SEGGER_RTT_AllocUpBuffer)
    i.SEGGER_RTT_ConfigDownBuffer            0x0800166c   Section        0  segger_rtt.o(i.SEGGER_RTT_ConfigDownBuffer)
    i.SEGGER_RTT_ReadNoLock                  0x080016cc   Section        0  segger_rtt.o(i.SEGGER_RTT_ReadNoLock)
    i.SEGGER_RTT_WriteSkipNoLock             0x08001748   Section        0  segger_rtt.o(i.SEGGER_RTT_WriteSkipNoLock)
    i.SEGGER_SYSVIEW_Conf                    0x080017b8   Section        0  segger_sysview_config_freertos.o(i.SEGGER_SYSVIEW_Conf)
    i.SEGGER_SYSVIEW_GetSysDesc              0x080017e0   Section        0  segger_sysview.o(i.SEGGER_SYSVIEW_GetSysDesc)
    i.SEGGER_SYSVIEW_Init                    0x08001860   Section        0  segger_sysview.o(i.SEGGER_SYSVIEW_Init)
    i.SEGGER_SYSVIEW_OnIdle                  0x080018c0   Section        0  segger_sysview.o(i.SEGGER_SYSVIEW_OnIdle)
    i.SEGGER_SYSVIEW_OnTaskCreate            0x080018e4   Section        0  segger_sysview.o(i.SEGGER_SYSVIEW_OnTaskCreate)
    i.SEGGER_SYSVIEW_OnTaskStartExec         0x08001924   Section        0  segger_sysview.o(i.SEGGER_SYSVIEW_OnTaskStartExec)
    i.SEGGER_SYSVIEW_OnTaskStartReady        0x08001964   Section        0  segger_sysview.o(i.SEGGER_SYSVIEW_OnTaskStartReady)
    i.SEGGER_SYSVIEW_RecordEnterISR          0x080019a4   Section        0  segger_sysview.o(i.SEGGER_SYSVIEW_RecordEnterISR)
    i.SEGGER_SYSVIEW_RecordExitISR           0x080019e8   Section        0  segger_sysview.o(i.SEGGER_SYSVIEW_RecordExitISR)
    i.SEGGER_SYSVIEW_RecordExitISRToScheduler 0x08001a0c   Section        0  segger_sysview.o(i.SEGGER_SYSVIEW_RecordExitISRToScheduler)
    i.SEGGER_SYSVIEW_RecordSystime           0x08001a30   Section        0  segger_sysview.o(i.SEGGER_SYSVIEW_RecordSystime)
    i.SEGGER_SYSVIEW_RecordU32               0x08001a64   Section        0  segger_sysview.o(i.SEGGER_SYSVIEW_RecordU32)
    i.SEGGER_SYSVIEW_RecordU32x2             0x08001aa0   Section        0  segger_sysview.o(i.SEGGER_SYSVIEW_RecordU32x2)
    i.SEGGER_SYSVIEW_RecordVoid              0x08001af0   Section        0  segger_sysview.o(i.SEGGER_SYSVIEW_RecordVoid)
    i.SEGGER_SYSVIEW_SendModule              0x08001b14   Section        0  segger_sysview.o(i.SEGGER_SYSVIEW_SendModule)
    i.SEGGER_SYSVIEW_SendModuleDescription   0x08001b9c   Section        0  segger_sysview.o(i.SEGGER_SYSVIEW_SendModuleDescription)
    i.SEGGER_SYSVIEW_SendNumModules          0x08001bb8   Section        0  segger_sysview.o(i.SEGGER_SYSVIEW_SendNumModules)
    i.SEGGER_SYSVIEW_SendSysDesc             0x08001bf8   Section        0  segger_sysview.o(i.SEGGER_SYSVIEW_SendSysDesc)
    i.SEGGER_SYSVIEW_SendTaskInfo            0x08001c28   Section        0  segger_sysview.o(i.SEGGER_SYSVIEW_SendTaskInfo)
    i.SEGGER_SYSVIEW_SendTaskList            0x08001cf0   Section        0  segger_sysview.o(i.SEGGER_SYSVIEW_SendTaskList)
    i.SEGGER_SYSVIEW_SetRAMBase              0x08001d08   Section        0  segger_sysview.o(i.SEGGER_SYSVIEW_SetRAMBase)
    i.SEGGER_SYSVIEW_Start                   0x08001d14   Section        0  segger_sysview.o(i.SEGGER_SYSVIEW_Start)
    i.SEGGER_SYSVIEW_Stop                    0x08001dc4   Section        0  segger_sysview.o(i.SEGGER_SYSVIEW_Stop)
    i.SEGGER_SYSVIEW_Warn                    0x08001df4   Section        0  segger_sysview.o(i.SEGGER_SYSVIEW_Warn)
    i.SYSVIEW_AddTask                        0x08001e30   Section        0  segger_sysview_freertos.o(i.SYSVIEW_AddTask)
    i.SYSVIEW_SendTaskInfo                   0x08001ea0   Section        0  segger_sysview_freertos.o(i.SYSVIEW_SendTaskInfo)
    i.SysTick_Handler                        0x08001eca   Section        0  stm32f4xx_it.o(i.SysTick_Handler)
    i.SystemClock_Config                     0x08001ed0   Section        0  main.o(i.SystemClock_Config)
    i.SystemInit                             0x08001f64   Section        0  system_stm32f4xx.o(i.SystemInit)
    i.TIM4_IRQHandler                        0x08001f74   Section        0  stm32f4xx_it.o(i.TIM4_IRQHandler)
    i.TIM_Base_SetConfig                     0x08001f8c   Section        0  stm32f4xx_hal_tim.o(i.TIM_Base_SetConfig)
    i.UART_DMAAbortOnError                   0x08002054   Section        0  stm32f4xx_hal_uart.o(i.UART_DMAAbortOnError)
    UART_DMAAbortOnError                     0x08002055   Thumb Code    16  stm32f4xx_hal_uart.o(i.UART_DMAAbortOnError)
    i.UART_EndRxTransfer                     0x08002064   Section        0  stm32f4xx_hal_uart.o(i.UART_EndRxTransfer)
    UART_EndRxTransfer                       0x08002065   Thumb Code    78  stm32f4xx_hal_uart.o(i.UART_EndRxTransfer)
    i.UART_Receive_IT                        0x080020b2   Section        0  stm32f4xx_hal_uart.o(i.UART_Receive_IT)
    UART_Receive_IT                          0x080020b3   Thumb Code   192  stm32f4xx_hal_uart.o(i.UART_Receive_IT)
    i.UART_SetConfig                         0x08002174   Section        0  stm32f4xx_hal_uart.o(i.UART_SetConfig)
    UART_SetConfig                           0x08002175   Thumb Code   258  stm32f4xx_hal_uart.o(i.UART_SetConfig)
    i.USART6_IRQHandler                      0x08002280   Section        0  stm32f4xx_it.o(i.USART6_IRQHandler)
    i.UsageFault_Handler                     0x0800228c   Section        0  stm32f4xx_it.o(i.UsageFault_Handler)
    i._DoInit                                0x08002290   Section        0  segger_rtt.o(i._DoInit)
    _DoInit                                  0x08002291   Thumb Code    80  segger_rtt.o(i._DoInit)
    i._EncodeStr                             0x080022f4   Section        0  segger_sysview.o(i._EncodeStr)
    _EncodeStr                               0x080022f5   Thumb Code    38  segger_sysview.o(i._EncodeStr)
    i._HandleIncomingPacket                  0x0800231c   Section        0  segger_sysview.o(i._HandleIncomingPacket)
    _HandleIncomingPacket                    0x0800231d   Thumb Code   144  segger_sysview.o(i._HandleIncomingPacket)
    i._SendPacket                            0x080023b0   Section        0  segger_sysview.o(i._SendPacket)
    _SendPacket                              0x080023b1   Thumb Code   304  segger_sysview.o(i._SendPacket)
    i._TrySendOverflowPacket                 0x080024ec   Section        0  segger_sysview.o(i._TrySendOverflowPacket)
    _TrySendOverflowPacket                   0x080024ed   Thumb Code    96  segger_sysview.o(i._TrySendOverflowPacket)
    i.__NVIC_SetPriority                     0x08002554   Section        0  stm32f4xx_hal_cortex.o(i.__NVIC_SetPriority)
    __NVIC_SetPriority                       0x08002555   Thumb Code    32  stm32f4xx_hal_cortex.o(i.__NVIC_SetPriority)
    i._cbGetTime                             0x08002574   Section        0  segger_sysview_freertos.o(i._cbGetTime)
    _cbGetTime                               0x08002575   Thumb Code    30  segger_sysview_freertos.o(i._cbGetTime)
    i._cbSendSystemDesc                      0x08002594   Section        0  segger_sysview_config_freertos.o(i._cbSendSystemDesc)
    _cbSendSystemDesc                        0x08002595   Thumb Code    18  segger_sysview_config_freertos.o(i._cbSendSystemDesc)
    i._cbSendTaskList                        0x080025ec   Section        0  segger_sysview_freertos.o(i._cbSendTaskList)
    _cbSendTaskList                          0x080025ed   Thumb Code    48  segger_sysview_freertos.o(i._cbSendTaskList)
    i.main                                   0x08002624   Section        0  main.o(i.main)
    i.prvAddNewTaskToReadyList               0x08002688   Section        0  tasks.o(i.prvAddNewTaskToReadyList)
    prvAddNewTaskToReadyList                 0x08002689   Thumb Code   222  tasks.o(i.prvAddNewTaskToReadyList)
    i.prvCheckTasksWaitingTermination        0x08002778   Section        0  tasks.o(i.prvCheckTasksWaitingTermination)
    prvCheckTasksWaitingTermination          0x08002779   Thumb Code    70  tasks.o(i.prvCheckTasksWaitingTermination)
    i.prvDeleteTCB                           0x080027c8   Section        0  tasks.o(i.prvDeleteTCB)
    prvDeleteTCB                             0x080027c9   Thumb Code    20  tasks.o(i.prvDeleteTCB)
    i.prvHeapInit                            0x080027dc   Section        0  heap_4.o(i.prvHeapInit)
    prvHeapInit                              0x080027dd   Thumb Code    66  heap_4.o(i.prvHeapInit)
    i.prvIdleTask                            0x08002828   Section        0  tasks.o(i.prvIdleTask)
    prvIdleTask                              0x08002829   Thumb Code    30  tasks.o(i.prvIdleTask)
    i.prvInitialiseNewTask                   0x08002850   Section        0  tasks.o(i.prvInitialiseNewTask)
    prvInitialiseNewTask                     0x08002851   Thumb Code   120  tasks.o(i.prvInitialiseNewTask)
    i.prvInsertBlockIntoFreeList             0x080028c8   Section        0  heap_4.o(i.prvInsertBlockIntoFreeList)
    prvInsertBlockIntoFreeList               0x080028c9   Thumb Code    72  heap_4.o(i.prvInsertBlockIntoFreeList)
    i.prvResetNextTaskUnblockTime            0x08002914   Section        0  tasks.o(i.prvResetNextTaskUnblockTime)
    prvResetNextTaskUnblockTime              0x08002915   Thumb Code    26  tasks.o(i.prvResetNextTaskUnblockTime)
    i.prvTaskExitError                       0x08002934   Section        0  port.o(i.prvTaskExitError)
    prvTaskExitError                         0x08002935   Thumb Code    16  port.o(i.prvTaskExitError)
    i.pvPortMalloc                           0x08002944   Section        0  heap_4.o(i.pvPortMalloc)
    i.pxPortInitialiseStack                  0x080029dc   Section        0  port.o(i.pxPortInitialiseStack)
    i.task1                                  0x08002a08   Section        0  main.o(i.task1)
    i.task2                                  0x08002a0a   Section        0  main.o(i.task2)
    i.uxListRemove                           0x08002a0c   Section        0  list.o(i.uxListRemove)
    i.vListInitialise                        0x08002a30   Section        0  list.o(i.vListInitialise)
    i.vListInitialiseItem                    0x08002a46   Section        0  list.o(i.vListInitialiseItem)
    i.vListInsertEnd                         0x08002a4c   Section        0  list.o(i.vListInsertEnd)
    i.vPortEnterCritical                     0x08002a64   Section        0  port.o(i.vPortEnterCritical)
    i.vPortExitCritical                      0x08002a80   Section        0  port.o(i.vPortExitCritical)
    i.vPortFree                              0x08002a94   Section        0  heap_4.o(i.vPortFree)
    i.vPortSetupTimerInterrupt               0x08002ad4   Section        0  port.o(i.vPortSetupTimerInterrupt)
    i.vTaskStartScheduler                    0x08002ae8   Section        0  tasks.o(i.vTaskStartScheduler)
    i.vTaskSuspendAll                        0x08002b3c   Section        0  tasks.o(i.vTaskSuspendAll)
    i.vTaskSwitchContext                     0x08002b4c   Section        0  tasks.o(i.vTaskSwitchContext)
    i.xPortStartScheduler                    0x08002ba0   Section        0  port.o(i.xPortStartScheduler)
    i.xPortSysTickHandler                    0x08002be0   Section        0  port.o(i.xPortSysTickHandler)
    i.xTaskCreate                            0x08002c18   Section        0  tasks.o(i.xTaskCreate)
    i.xTaskGetTickCountFromISR               0x08002c70   Section        0  tasks.o(i.xTaskGetTickCountFromISR)
    i.xTaskIncrementTick                     0x08002c7c   Section        0  tasks.o(i.xTaskIncrementTick)
    i.xTaskResumeAll                         0x08002d34   Section        0  tasks.o(i.xTaskResumeAll)
    x$fpl$fpinit                             0x08002dec   Section       10  fpinit.o(x$fpl$fpinit)
    $v0                                      0x08002dec   Number         0  fpinit.o(x$fpl$fpinit)
    .constdata                               0x08002df6   Section       16  system_stm32f4xx.o(.constdata)
    .constdata                               0x08002e06   Section        8  system_stm32f4xx.o(.constdata)
    .constdata                               0x08002e0e   Section       33  segger_rtt.o(.constdata)
    _aTerminalId                             0x08002e0e   Data          16  segger_rtt.o(.constdata)
    _aInitStr                                0x08002e1e   Data          17  segger_rtt.o(.constdata)
    .constdata                               0x08002e2f   Section       26  segger_sysview.o(.constdata)
    _abSync                                  0x08002e2f   Data          10  segger_sysview.o(.constdata)
    _aV2C                                    0x08002e39   Data          16  segger_sysview.o(.constdata)
    .constdata                               0x08002e4c   Section        8  segger_sysview_freertos.o(.constdata)
    .conststring                             0x08002e54   Section       80  segger_sysview_freertos.o(.conststring)
    .data                                    0x20000000   Section        8  main.o(.data)
    task1_handle                             0x20000000   Data           4  main.o(.data)
    task2_handle                             0x20000004   Data           4  main.o(.data)
    .data                                    0x20000008   Section       12  stm32f4xx_hal.o(.data)
    .data                                    0x20000014   Section        4  system_stm32f4xx.o(.data)
    .data                                    0x20000018   Section       60  tasks.o(.data)
    uxDeletedTasksWaitingCleanUp             0x2000001c   Data           4  tasks.o(.data)
    uxCurrentNumberOfTasks                   0x20000020   Data           4  tasks.o(.data)
    xTickCount                               0x20000024   Data           4  tasks.o(.data)
    uxTopReadyPriority                       0x20000028   Data           4  tasks.o(.data)
    xSchedulerRunning                        0x2000002c   Data           4  tasks.o(.data)
    uxPendedTicks                            0x20000030   Data           4  tasks.o(.data)
    xYieldPending                            0x20000034   Data           4  tasks.o(.data)
    xNumOfOverflows                          0x20000038   Data           4  tasks.o(.data)
    uxTaskNumber                             0x2000003c   Data           4  tasks.o(.data)
    xNextTaskUnblockTime                     0x20000040   Data           4  tasks.o(.data)
    xIdleTaskHandle                          0x20000044   Data           4  tasks.o(.data)
    uxSchedulerSuspended                     0x20000048   Data           4  tasks.o(.data)
    pxDelayedTaskList                        0x2000004c   Data           4  tasks.o(.data)
    pxOverflowDelayedTaskList                0x20000050   Data           4  tasks.o(.data)
    .data                                    0x20000054   Section        4  port.o(.data)
    uxCriticalNesting                        0x20000054   Data           4  port.o(.data)
    .data                                    0x20000058   Section       24  heap_4.o(.data)
    pxEnd                                    0x20000058   Data           4  heap_4.o(.data)
    xFreeBytesRemaining                      0x2000005c   Data           4  heap_4.o(.data)
    xMinimumEverFreeBytesRemaining           0x20000060   Data           4  heap_4.o(.data)
    xBlockAllocatedBit                       0x20000064   Data           4  heap_4.o(.data)
    xStart                                   0x20000068   Data           8  heap_4.o(.data)
    .data                                    0x20000070   Section       16  segger_sysview.o(.data)
    _NumModules                              0x20000070   Data           1  segger_sysview.o(.data)
    _pFirstModule                            0x20000074   Data           4  segger_sysview.o(.data)
    _DownBuffer                              0x20000078   Data           8  segger_sysview.o(.data)
    .data                                    0x20000080   Section        4  segger_sysview_freertos.o(.data)
    _NumTasks                                0x20000080   Data           4  segger_sysview_freertos.o(.data)
    .bss                                     0x20000084   Section       68  usart.o(.bss)
    .bss                                     0x200000c8   Section       72  stm32f4xx_hal_timebase_tim.o(.bss)
    .bss                                     0x20000110   Section      720  tasks.o(.bss)
    pxReadyTasksLists                        0x20000110   Data         620  tasks.o(.bss)
    xDelayedTaskList1                        0x2000037c   Data          20  tasks.o(.bss)
    xDelayedTaskList2                        0x20000390   Data          20  tasks.o(.bss)
    xPendingReadyList                        0x200003a4   Data          20  tasks.o(.bss)
    xTasksWaitingTermination                 0x200003b8   Data          20  tasks.o(.bss)
    xSuspendedTaskList                       0x200003cc   Data          20  tasks.o(.bss)
    .bss                                     0x200003e0   Section    17408  heap_4.o(.bss)
    ucHeap                                   0x200003e0   Data       17408  heap_4.o(.bss)
    .bss                                     0x200047e0   Section     1208  segger_rtt.o(.bss)
    _acUpBuffer                              0x20004888   Data        1024  segger_rtt.o(.bss)
    _acDownBuffer                            0x20004c88   Data          16  segger_rtt.o(.bss)
    .bss                                     0x20004c98   Section     1291  segger_sysview.o(.bss)
    _UpBuffer                                0x20004c98   Data        1024  segger_sysview.o(.bss)
    _SYSVIEW_Globals                         0x20005098   Data          40  segger_sysview.o(.bss)
    _aPacket                                 0x200050c0   Data         227  segger_sysview.o(.bss)
    .bss                                     0x200051a4   Section      160  segger_sysview_freertos.o(.bss)
    _aTasks                                  0x200051a4   Data         160  segger_sysview_freertos.o(.bss)
    .bss                                     0x20005244   Section       96  libspace.o(.bss)
    HEAP                                     0x200052a8   Section      512  startup_stm32f407xx.o(HEAP)
    Heap_Mem                                 0x200052a8   Data         512  startup_stm32f407xx.o(HEAP)
    STACK                                    0x200054a8   Section     1024  startup_stm32f407xx.o(STACK)
    Stack_Mem                                0x200054a8   Data        1024  startup_stm32f407xx.o(STACK)
    __initial_sp                             0x200058a8   Data           0  startup_stm32f407xx.o(STACK)

    Global Symbols

    Symbol Name                              Value     Ov Type        Size  Object(Section)

    BuildAttributes$$THM_ISAv4$E$P$D$K$B$S$7EM$VFPi3$EXTD16$VFPS$VFMA$PE$A:L22UL41UL21$X:L11$S22US41US21$IEEE1$IW$USESV6$~STKCKD$USESV7$~SHL$OSPACE$ROPI$EBA8$UX$STANDARDLIB$REQ8$PRES8$EABIv2 0x00000000   Number         0  anon$$obj.o ABSOLUTE
    __ARM_use_no_argv                        0x00000000   Number         0  main.o ABSOLUTE
    __ARM_exceptions_init                     - Undefined Weak Reference
    __alloca_initialize                       - Undefined Weak Reference
    __arm_preinit_                            - Undefined Weak Reference
    __cpp_initialize__aeabi_                  - Undefined Weak Reference
    __cxa_finalize                            - Undefined Weak Reference
    __rt_locale                               - Undefined Weak Reference
    __sigvec_lookup                           - Undefined Weak Reference
    _atexit_init                              - Undefined Weak Reference
    _call_atexit_fns                          - Undefined Weak Reference
    _clock_init                               - Undefined Weak Reference
    _fp_trap_init                             - Undefined Weak Reference
    _fp_trap_shutdown                         - Undefined Weak Reference
    _get_lc_collate                           - Undefined Weak Reference
    _get_lc_ctype                             - Undefined Weak Reference
    _get_lc_monetary                          - Undefined Weak Reference
    _get_lc_numeric                           - Undefined Weak Reference
    _get_lc_time                              - Undefined Weak Reference
    _getenv_init                              - Undefined Weak Reference
    _handle_redirection                       - Undefined Weak Reference
    _init_alloc                               - Undefined Weak Reference
    _init_user_alloc                          - Undefined Weak Reference
    _initio                                   - Undefined Weak Reference
    _rand_init                                - Undefined Weak Reference
    _signal_finish                            - Undefined Weak Reference
    _signal_init                              - Undefined Weak Reference
    _terminate_alloc                          - Undefined Weak Reference
    _terminate_user_alloc                     - Undefined Weak Reference
    _terminateio                              - Undefined Weak Reference
    __Vectors_Size                           0x00000188   Number         0  startup_stm32f407xx.o ABSOLUTE
    __Vectors                                0x08000000   Data           4  startup_stm32f407xx.o(RESET)
    __Vectors_End                            0x08000188   Data           0  startup_stm32f407xx.o(RESET)
    __main                                   0x08000189   Thumb Code     8  __main.o(!!!main)
    __scatterload                            0x08000191   Thumb Code     0  __scatter.o(!!!scatter)
    __scatterload_rt2                        0x08000191   Thumb Code    44  __scatter.o(!!!scatter)
    __scatterload_rt2_thumb_only             0x08000191   Thumb Code     0  __scatter.o(!!!scatter)
    __scatterload_null                       0x0800019f   Thumb Code     0  __scatter.o(!!!scatter)
    __scatterload_copy                       0x080001c5   Thumb Code    26  __scatter_copy.o(!!handler_copy)
    __scatterload_zeroinit                   0x080001e1   Thumb Code    28  __scatter_zi.o(!!handler_zi)
    __rt_lib_init                            0x080001fd   Thumb Code     0  libinit.o(.ARM.Collect$$libinit$$00000000)
    __rt_lib_init_fp_1                       0x080001ff   Thumb Code     0  libinit2.o(.ARM.Collect$$libinit$$00000001)
    __rt_lib_init_alloca_1                   0x08000203   Thumb Code     0  libinit2.o(.ARM.Collect$$libinit$$0000002E)
    __rt_lib_init_argv_1                     0x08000203   Thumb Code     0  libinit2.o(.ARM.Collect$$libinit$$0000002C)
    __rt_lib_init_atexit_1                   0x08000203   Thumb Code     0  libinit2.o(.ARM.Collect$$libinit$$0000001B)
    __rt_lib_init_clock_1                    0x08000203   Thumb Code     0  libinit2.o(.ARM.Collect$$libinit$$00000021)
    __rt_lib_init_cpp_1                      0x08000203   Thumb Code     0  libinit2.o(.ARM.Collect$$libinit$$00000032)
    __rt_lib_init_exceptions_1               0x08000203   Thumb Code     0  libinit2.o(.ARM.Collect$$libinit$$00000030)
    __rt_lib_init_fp_trap_1                  0x08000203   Thumb Code     0  libinit2.o(.ARM.Collect$$libinit$$0000001F)
    __rt_lib_init_getenv_1                   0x08000203   Thumb Code     0  libinit2.o(.ARM.Collect$$libinit$$00000023)
    __rt_lib_init_heap_1                     0x08000203   Thumb Code     0  libinit2.o(.ARM.Collect$$libinit$$0000000A)
    __rt_lib_init_lc_collate_1               0x08000203   Thumb Code     0  libinit2.o(.ARM.Collect$$libinit$$00000011)
    __rt_lib_init_lc_ctype_1                 0x08000203   Thumb Code     0  libinit2.o(.ARM.Collect$$libinit$$00000013)
    __rt_lib_init_lc_monetary_1              0x08000203   Thumb Code     0  libinit2.o(.ARM.Collect$$libinit$$00000015)
    __rt_lib_init_lc_numeric_1               0x08000203   Thumb Code     0  libinit2.o(.ARM.Collect$$libinit$$00000017)
    __rt_lib_init_lc_time_1                  0x08000203   Thumb Code     0  libinit2.o(.ARM.Collect$$libinit$$00000019)
    __rt_lib_init_preinit_1                  0x08000203   Thumb Code     0  libinit2.o(.ARM.Collect$$libinit$$00000004)
    __rt_lib_init_rand_1                     0x08000203   Thumb Code     0  libinit2.o(.ARM.Collect$$libinit$$0000000E)
    __rt_lib_init_return                     0x08000203   Thumb Code     0  libinit2.o(.ARM.Collect$$libinit$$00000033)
    __rt_lib_init_signal_1                   0x08000203   Thumb Code     0  libinit2.o(.ARM.Collect$$libinit$$0000001D)
    __rt_lib_init_stdio_1                    0x08000203   Thumb Code     0  libinit2.o(.ARM.Collect$$libinit$$00000025)
    __rt_lib_init_user_alloc_1               0x08000203   Thumb Code     0  libinit2.o(.ARM.Collect$$libinit$$0000000C)
    __rt_lib_shutdown                        0x08000205   Thumb Code     0  libshutdown.o(.ARM.Collect$$libshutdown$$00000000)
    __rt_lib_shutdown_cpp_1                  0x08000207   Thumb Code     0  libshutdown2.o(.ARM.Collect$$libshutdown$$00000002)
    __rt_lib_shutdown_fp_trap_1              0x08000207   Thumb Code     0  libshutdown2.o(.ARM.Collect$$libshutdown$$00000007)
    __rt_lib_shutdown_heap_1                 0x08000207   Thumb Code     0  libshutdown2.o(.ARM.Collect$$libshutdown$$0000000F)
    __rt_lib_shutdown_return                 0x08000207   Thumb Code     0  libshutdown2.o(.ARM.Collect$$libshutdown$$00000010)
    __rt_lib_shutdown_signal_1               0x08000207   Thumb Code     0  libshutdown2.o(.ARM.Collect$$libshutdown$$0000000A)
    __rt_lib_shutdown_stdio_1                0x08000207   Thumb Code     0  libshutdown2.o(.ARM.Collect$$libshutdown$$00000004)
    __rt_lib_shutdown_user_alloc_1           0x08000207   Thumb Code     0  libshutdown2.o(.ARM.Collect$$libshutdown$$0000000C)
    __rt_entry                               0x08000209   Thumb Code     0  __rtentry.o(.ARM.Collect$$rtentry$$00000000)
    __rt_entry_presh_1                       0x08000209   Thumb Code     0  __rtentry2.o(.ARM.Collect$$rtentry$$00000002)
    __rt_entry_sh                            0x08000209   Thumb Code     0  __rtentry4.o(.ARM.Collect$$rtentry$$00000004)
    __rt_entry_li                            0x0800020f   Thumb Code     0  __rtentry2.o(.ARM.Collect$$rtentry$$0000000A)
    __rt_entry_postsh_1                      0x0800020f   Thumb Code     0  __rtentry2.o(.ARM.Collect$$rtentry$$00000009)
    __rt_entry_main                          0x08000213   Thumb Code     0  __rtentry2.o(.ARM.Collect$$rtentry$$0000000D)
    __rt_entry_postli_1                      0x08000213   Thumb Code     0  __rtentry2.o(.ARM.Collect$$rtentry$$0000000C)
    __rt_exit                                0x0800021b   Thumb Code     0  rtexit.o(.ARM.Collect$$rtexit$$00000000)
    __rt_exit_ls                             0x0800021d   Thumb Code     0  rtexit2.o(.ARM.Collect$$rtexit$$00000003)
    __rt_exit_prels_1                        0x0800021d   Thumb Code     0  rtexit2.o(.ARM.Collect$$rtexit$$00000002)
    __rt_exit_exit                           0x08000221   Thumb Code     0  rtexit2.o(.ARM.Collect$$rtexit$$00000004)
    SVC_Handler                              0x08000229   Thumb Code    28  port.o(.emb_text)
    __asm___6_port_c_39a90d8d__prvStartFirstTask 0x08000249   Thumb Code    28  port.o(.emb_text)
    __asm___6_port_c_39a90d8d__prvEnableVFP  0x08000269   Thumb Code    16  port.o(.emb_text)
    PendSV_Handler                           0x0800027d   Thumb Code    88  port.o(.emb_text)
    vPortGetIPSR                             0x080002d9   Thumb Code     6  port.o(.emb_text)
    Reset_Handler                            0x080002e1   Thumb Code     8  startup_stm32f407xx.o(.text)
    ADC_IRQHandler                           0x080002fb   Thumb Code     0  startup_stm32f407xx.o(.text)
    CAN1_RX0_IRQHandler                      0x080002fb   Thumb Code     0  startup_stm32f407xx.o(.text)
    CAN1_RX1_IRQHandler                      0x080002fb   Thumb Code     0  startup_stm32f407xx.o(.text)
    CAN1_SCE_IRQHandler                      0x080002fb   Thumb Code     0  startup_stm32f407xx.o(.text)
    CAN1_TX_IRQHandler                       0x080002fb   Thumb Code     0  startup_stm32f407xx.o(.text)
    CAN2_RX0_IRQHandler                      0x080002fb   Thumb Code     0  startup_stm32f407xx.o(.text)
    CAN2_RX1_IRQHandler                      0x080002fb   Thumb Code     0  startup_stm32f407xx.o(.text)
    CAN2_SCE_IRQHandler                      0x080002fb   Thumb Code     0  startup_stm32f407xx.o(.text)
    CAN2_TX_IRQHandler                       0x080002fb   Thumb Code     0  startup_stm32f407xx.o(.text)
    DCMI_IRQHandler                          0x080002fb   Thumb Code     0  startup_stm32f407xx.o(.text)
    DMA1_Stream0_IRQHandler                  0x080002fb   Thumb Code     0  startup_stm32f407xx.o(.text)
    DMA1_Stream1_IRQHandler                  0x080002fb   Thumb Code     0  startup_stm32f407xx.o(.text)
    DMA1_Stream2_IRQHandler                  0x080002fb   Thumb Code     0  startup_stm32f407xx.o(.text)
    DMA1_Stream3_IRQHandler                  0x080002fb   Thumb Code     0  startup_stm32f407xx.o(.text)
    DMA1_Stream4_IRQHandler                  0x080002fb   Thumb Code     0  startup_stm32f407xx.o(.text)
    DMA1_Stream5_IRQHandler                  0x080002fb   Thumb Code     0  startup_stm32f407xx.o(.text)
    DMA1_Stream6_IRQHandler                  0x080002fb   Thumb Code     0  startup_stm32f407xx.o(.text)
    DMA1_Stream7_IRQHandler                  0x080002fb   Thumb Code     0  startup_stm32f407xx.o(.text)
    DMA2_Stream0_IRQHandler                  0x080002fb   Thumb Code     0  startup_stm32f407xx.o(.text)
    DMA2_Stream1_IRQHandler                  0x080002fb   Thumb Code     0  startup_stm32f407xx.o(.text)
    DMA2_Stream2_IRQHandler                  0x080002fb   Thumb Code     0  startup_stm32f407xx.o(.text)
    DMA2_Stream3_IRQHandler                  0x080002fb   Thumb Code     0  startup_stm32f407xx.o(.text)
    DMA2_Stream4_IRQHandler                  0x080002fb   Thumb Code     0  startup_stm32f407xx.o(.text)
    DMA2_Stream5_IRQHandler                  0x080002fb   Thumb Code     0  startup_stm32f407xx.o(.text)
    DMA2_Stream6_IRQHandler                  0x080002fb   Thumb Code     0  startup_stm32f407xx.o(.text)
    DMA2_Stream7_IRQHandler                  0x080002fb   Thumb Code     0  startup_stm32f407xx.o(.text)
    ETH_IRQHandler                           0x080002fb   Thumb Code     0  startup_stm32f407xx.o(.text)
    ETH_WKUP_IRQHandler                      0x080002fb   Thumb Code     0  startup_stm32f407xx.o(.text)
    EXTI0_IRQHandler                         0x080002fb   Thumb Code     0  startup_stm32f407xx.o(.text)
    EXTI15_10_IRQHandler                     0x080002fb   Thumb Code     0  startup_stm32f407xx.o(.text)
    EXTI1_IRQHandler                         0x080002fb   Thumb Code     0  startup_stm32f407xx.o(.text)
    EXTI2_IRQHandler                         0x080002fb   Thumb Code     0  startup_stm32f407xx.o(.text)
    EXTI3_IRQHandler                         0x080002fb   Thumb Code     0  startup_stm32f407xx.o(.text)
    EXTI4_IRQHandler                         0x080002fb   Thumb Code     0  startup_stm32f407xx.o(.text)
    EXTI9_5_IRQHandler                       0x080002fb   Thumb Code     0  startup_stm32f407xx.o(.text)
    FLASH_IRQHandler                         0x080002fb   Thumb Code     0  startup_stm32f407xx.o(.text)
    FMC_IRQHandler                           0x080002fb   Thumb Code     0  startup_stm32f407xx.o(.text)
    FPU_IRQHandler                           0x080002fb   Thumb Code     0  startup_stm32f407xx.o(.text)
    HASH_RNG_IRQHandler                      0x080002fb   Thumb Code     0  startup_stm32f407xx.o(.text)
    I2C1_ER_IRQHandler                       0x080002fb   Thumb Code     0  startup_stm32f407xx.o(.text)
    I2C1_EV_IRQHandler                       0x080002fb   Thumb Code     0  startup_stm32f407xx.o(.text)
    I2C2_ER_IRQHandler                       0x080002fb   Thumb Code     0  startup_stm32f407xx.o(.text)
    I2C2_EV_IRQHandler                       0x080002fb   Thumb Code     0  startup_stm32f407xx.o(.text)
    I2C3_ER_IRQHandler                       0x080002fb   Thumb Code     0  startup_stm32f407xx.o(.text)
    I2C3_EV_IRQHandler                       0x080002fb   Thumb Code     0  startup_stm32f407xx.o(.text)
    OTG_FS_IRQHandler                        0x080002fb   Thumb Code     0  startup_stm32f407xx.o(.text)
    OTG_FS_WKUP_IRQHandler                   0x080002fb   Thumb Code     0  startup_stm32f407xx.o(.text)
    OTG_HS_EP1_IN_IRQHandler                 0x080002fb   Thumb Code     0  startup_stm32f407xx.o(.text)
    OTG_HS_EP1_OUT_IRQHandler                0x080002fb   Thumb Code     0  startup_stm32f407xx.o(.text)
    OTG_HS_IRQHandler                        0x080002fb   Thumb Code     0  startup_stm32f407xx.o(.text)
    OTG_HS_WKUP_IRQHandler                   0x080002fb   Thumb Code     0  startup_stm32f407xx.o(.text)
    PVD_IRQHandler                           0x080002fb   Thumb Code     0  startup_stm32f407xx.o(.text)
    RCC_IRQHandler                           0x080002fb   Thumb Code     0  startup_stm32f407xx.o(.text)
    RTC_Alarm_IRQHandler                     0x080002fb   Thumb Code     0  startup_stm32f407xx.o(.text)
    RTC_WKUP_IRQHandler                      0x080002fb   Thumb Code     0  startup_stm32f407xx.o(.text)
    SDIO_IRQHandler                          0x080002fb   Thumb Code     0  startup_stm32f407xx.o(.text)
    SPI1_IRQHandler                          0x080002fb   Thumb Code     0  startup_stm32f407xx.o(.text)
    SPI2_IRQHandler                          0x080002fb   Thumb Code     0  startup_stm32f407xx.o(.text)
    SPI3_IRQHandler                          0x080002fb   Thumb Code     0  startup_stm32f407xx.o(.text)
    TAMP_STAMP_IRQHandler                    0x080002fb   Thumb Code     0  startup_stm32f407xx.o(.text)
    TIM1_BRK_TIM9_IRQHandler                 0x080002fb   Thumb Code     0  startup_stm32f407xx.o(.text)
    TIM1_CC_IRQHandler                       0x080002fb   Thumb Code     0  startup_stm32f407xx.o(.text)
    TIM1_TRG_COM_TIM11_IRQHandler            0x080002fb   Thumb Code     0  startup_stm32f407xx.o(.text)
    TIM1_UP_TIM10_IRQHandler                 0x080002fb   Thumb Code     0  startup_stm32f407xx.o(.text)
    TIM2_IRQHandler                          0x080002fb   Thumb Code     0  startup_stm32f407xx.o(.text)
    TIM3_IRQHandler                          0x080002fb   Thumb Code     0  startup_stm32f407xx.o(.text)
    TIM5_IRQHandler                          0x080002fb   Thumb Code     0  startup_stm32f407xx.o(.text)
    TIM6_DAC_IRQHandler                      0x080002fb   Thumb Code     0  startup_stm32f407xx.o(.text)
    TIM7_IRQHandler                          0x080002fb   Thumb Code     0  startup_stm32f407xx.o(.text)
    TIM8_BRK_TIM12_IRQHandler                0x080002fb   Thumb Code     0  startup_stm32f407xx.o(.text)
    TIM8_CC_IRQHandler                       0x080002fb   Thumb Code     0  startup_stm32f407xx.o(.text)
    TIM8_TRG_COM_TIM14_IRQHandler            0x080002fb   Thumb Code     0  startup_stm32f407xx.o(.text)
    TIM8_UP_TIM13_IRQHandler                 0x080002fb   Thumb Code     0  startup_stm32f407xx.o(.text)
    UART4_IRQHandler                         0x080002fb   Thumb Code     0  startup_stm32f407xx.o(.text)
    UART5_IRQHandler                         0x080002fb   Thumb Code     0  startup_stm32f407xx.o(.text)
    USART1_IRQHandler                        0x080002fb   Thumb Code     0  startup_stm32f407xx.o(.text)
    USART2_IRQHandler                        0x080002fb   Thumb Code     0  startup_stm32f407xx.o(.text)
    USART3_IRQHandler                        0x080002fb   Thumb Code     0  startup_stm32f407xx.o(.text)
    WWDG_IRQHandler                          0x080002fb   Thumb Code     0  startup_stm32f407xx.o(.text)
    __user_initial_stackheap                 0x080002fd   Thumb Code     0  startup_stm32f407xx.o(.text)
    __aeabi_uldivmod                         0x08000321   Thumb Code     0  lludivv7m.o(.text)
    _ll_udiv                                 0x08000321   Thumb Code   238  lludivv7m.o(.text)
    memcmp                                   0x0800040f   Thumb Code    88  memcmp.o(.text)
    __aeabi_memcpy                           0x08000467   Thumb Code     0  rt_memcpy_v6.o(.text)
    __rt_memcpy                              0x08000467   Thumb Code   138  rt_memcpy_v6.o(.text)
    _memcpy_lastbytes                        0x080004cd   Thumb Code     0  rt_memcpy_v6.o(.text)
    __aeabi_memclr4                          0x080004f1   Thumb Code     0  rt_memclr_w.o(.text)
    __aeabi_memclr8                          0x080004f1   Thumb Code     0  rt_memclr_w.o(.text)
    __rt_memclr_w                            0x080004f1   Thumb Code    78  rt_memclr_w.o(.text)
    _memset_w                                0x080004f5   Thumb Code     0  rt_memclr_w.o(.text)
    __use_two_region_memory                  0x0800053f   Thumb Code     2  heapauxi.o(.text)
    __rt_heap_escrow$2region                 0x08000541   Thumb Code     2  heapauxi.o(.text)
    __rt_heap_expand$2region                 0x08000543   Thumb Code     2  heapauxi.o(.text)
    __aeabi_memcpy4                          0x08000545   Thumb Code     0  rt_memcpy_w.o(.text)
    __aeabi_memcpy8                          0x08000545   Thumb Code     0  rt_memcpy_w.o(.text)
    __rt_memcpy_w                            0x08000545   Thumb Code   100  rt_memcpy_w.o(.text)
    _memcpy_lastbytes_aligned                0x0800058d   Thumb Code     0  rt_memcpy_w.o(.text)
    __user_setup_stackheap                   0x080005a9   Thumb Code    74  sys_stackheap_outer.o(.text)
    exit                                     0x080005f3   Thumb Code    18  exit.o(.text)
    __user_libspace                          0x08000605   Thumb Code     8  libspace.o(.text)
    __user_perproc_libspace                  0x08000605   Thumb Code     0  libspace.o(.text)
    __user_perthread_libspace                0x08000605   Thumb Code     0  libspace.o(.text)
    _sys_exit                                0x0800060d   Thumb Code     8  sys_exit.o(.text)
    __I$use$semihosting                      0x08000619   Thumb Code     0  use_no_semi.o(.text)
    __use_no_semihosting_swi                 0x08000619   Thumb Code     2  use_no_semi.o(.text)
    BusFault_Handler                         0x0800061b   Thumb Code     2  stm32f4xx_it.o(i.BusFault_Handler)
    __semihosting_library_function           0x0800061b   Thumb Code     0  indicate_semi.o(.text)
    DebugMon_Handler                         0x0800061d   Thumb Code     2  stm32f4xx_it.o(i.DebugMon_Handler)
    Error_Handler                            0x0800061f   Thumb Code     4  main.o(i.Error_Handler)
    HAL_DMA_Abort                            0x08000623   Thumb Code   146  stm32f4xx_hal_dma.o(i.HAL_DMA_Abort)
    HAL_DMA_Abort_IT                         0x080006b5   Thumb Code    36  stm32f4xx_hal_dma.o(i.HAL_DMA_Abort_IT)
    HAL_GPIO_Init                            0x080006d9   Thumb Code   450  stm32f4xx_hal_gpio.o(i.HAL_GPIO_Init)
    HAL_GetTick                              0x080008c9   Thumb Code     6  stm32f4xx_hal.o(i.HAL_GetTick)
    HAL_IncTick                              0x080008d5   Thumb Code    12  stm32f4xx_hal.o(i.HAL_IncTick)
    HAL_Init                                 0x080008e5   Thumb Code    48  stm32f4xx_hal.o(i.HAL_Init)
    HAL_InitTick                             0x08000919   Thumb Code   132  stm32f4xx_hal_timebase_tim.o(i.HAL_InitTick)
    HAL_MspInit                              0x080009b1   Thumb Code    42  stm32f4xx_hal_msp.o(i.HAL_MspInit)
    HAL_NVIC_EnableIRQ                       0x080009e1   Thumb Code    26  stm32f4xx_hal_cortex.o(i.HAL_NVIC_EnableIRQ)
    HAL_NVIC_SetPriority                     0x080009fd   Thumb Code    60  stm32f4xx_hal_cortex.o(i.HAL_NVIC_SetPriority)
    HAL_NVIC_SetPriorityGrouping             0x08000a3d   Thumb Code    26  stm32f4xx_hal_cortex.o(i.HAL_NVIC_SetPriorityGrouping)
    HAL_RCC_ClockConfig                      0x08000a61   Thumb Code   288  stm32f4xx_hal_rcc.o(i.HAL_RCC_ClockConfig)
    HAL_RCC_GetClockConfig                   0x08000b95   Thumb Code    54  stm32f4xx_hal_rcc.o(i.HAL_RCC_GetClockConfig)
    HAL_RCC_GetPCLK1Freq                     0x08000bd5   Thumb Code    20  stm32f4xx_hal_rcc.o(i.HAL_RCC_GetPCLK1Freq)
    HAL_RCC_GetPCLK2Freq                     0x08000bf5   Thumb Code    20  stm32f4xx_hal_rcc.o(i.HAL_RCC_GetPCLK2Freq)
    HAL_RCC_GetSysClockFreq                  0x08000c15   Thumb Code    88  stm32f4xx_hal_rcc.o(i.HAL_RCC_GetSysClockFreq)
    HAL_RCC_OscConfig                        0x08000c79   Thumb Code   856  stm32f4xx_hal_rcc.o(i.HAL_RCC_OscConfig)
    HAL_TIMEx_BreakCallback                  0x08000fe5   Thumb Code     2  stm32f4xx_hal_tim_ex.o(i.HAL_TIMEx_BreakCallback)
    HAL_TIMEx_CommutCallback                 0x08000fe7   Thumb Code     2  stm32f4xx_hal_tim_ex.o(i.HAL_TIMEx_CommutCallback)
    HAL_TIM_Base_Init                        0x08000fe9   Thumb Code    90  stm32f4xx_hal_tim.o(i.HAL_TIM_Base_Init)
    HAL_TIM_Base_MspInit                     0x08001043   Thumb Code     2  stm32f4xx_hal_tim.o(i.HAL_TIM_Base_MspInit)
    HAL_TIM_Base_Start_IT                    0x08001045   Thumb Code   100  stm32f4xx_hal_tim.o(i.HAL_TIM_Base_Start_IT)
    HAL_TIM_IC_CaptureCallback               0x080010c5   Thumb Code     2  stm32f4xx_hal_tim.o(i.HAL_TIM_IC_CaptureCallback)
    HAL_TIM_IRQHandler                       0x080010c7   Thumb Code   358  stm32f4xx_hal_tim.o(i.HAL_TIM_IRQHandler)
    HAL_TIM_OC_DelayElapsedCallback          0x0800122d   Thumb Code     2  stm32f4xx_hal_tim.o(i.HAL_TIM_OC_DelayElapsedCallback)
    HAL_TIM_PWM_PulseFinishedCallback        0x0800122f   Thumb Code     2  stm32f4xx_hal_tim.o(i.HAL_TIM_PWM_PulseFinishedCallback)
    HAL_TIM_PeriodElapsedCallback            0x08001231   Thumb Code    14  main.o(i.HAL_TIM_PeriodElapsedCallback)
    HAL_TIM_TriggerCallback                  0x08001245   Thumb Code     2  stm32f4xx_hal_tim.o(i.HAL_TIM_TriggerCallback)
    HAL_UARTEx_RxEventCallback               0x08001247   Thumb Code     2  stm32f4xx_hal_uart.o(i.HAL_UARTEx_RxEventCallback)
    HAL_UART_ErrorCallback                   0x08001249   Thumb Code     2  stm32f4xx_hal_uart.o(i.HAL_UART_ErrorCallback)
    HAL_UART_IRQHandler                      0x0800124d   Thumb Code   610  stm32f4xx_hal_uart.o(i.HAL_UART_IRQHandler)
    HAL_UART_Init                            0x080014b5   Thumb Code    98  stm32f4xx_hal_uart.o(i.HAL_UART_Init)
    HAL_UART_MspInit                         0x08001519   Thumb Code   108  usart.o(i.HAL_UART_MspInit)
    HAL_UART_RxCpltCallback                  0x08001591   Thumb Code     2  stm32f4xx_hal_uart.o(i.HAL_UART_RxCpltCallback)
    HAL_UART_TxCpltCallback                  0x08001593   Thumb Code     2  stm32f4xx_hal_uart.o(i.HAL_UART_TxCpltCallback)
    HardFault_Handler                        0x08001595   Thumb Code     2  stm32f4xx_it.o(i.HardFault_Handler)
    MX_GPIO_Init                             0x08001599   Thumb Code    38  gpio.o(i.MX_GPIO_Init)
    MX_USART6_UART_Init                      0x080015c5   Thumb Code    48  usart.o(i.MX_USART6_UART_Init)
    MemManage_Handler                        0x080015fd   Thumb Code     2  stm32f4xx_it.o(i.MemManage_Handler)
    NMI_Handler                              0x080015ff   Thumb Code     2  stm32f4xx_it.o(i.NMI_Handler)
    SEGGER_RTT_AllocUpBuffer                 0x08001601   Thumb Code   104  segger_rtt.o(i.SEGGER_RTT_AllocUpBuffer)
    SEGGER_RTT_ConfigDownBuffer              0x0800166d   Thumb Code    90  segger_rtt.o(i.SEGGER_RTT_ConfigDownBuffer)
    SEGGER_RTT_ReadNoLock                    0x080016cd   Thumb Code   120  segger_rtt.o(i.SEGGER_RTT_ReadNoLock)
    SEGGER_RTT_WriteSkipNoLock               0x08001749   Thumb Code   108  segger_rtt.o(i.SEGGER_RTT_WriteSkipNoLock)
    SEGGER_SYSVIEW_Conf                      0x080017b9   Thumb Code    26  segger_sysview_config_freertos.o(i.SEGGER_SYSVIEW_Conf)
    SEGGER_SYSVIEW_GetSysDesc                0x080017e1   Thumb Code   122  segger_sysview.o(i.SEGGER_SYSVIEW_GetSysDesc)
    SEGGER_SYSVIEW_Init                      0x08001861   Thumb Code    72  segger_sysview.o(i.SEGGER_SYSVIEW_Init)
    SEGGER_SYSVIEW_OnIdle                    0x080018c1   Thumb Code    30  segger_sysview.o(i.SEGGER_SYSVIEW_OnIdle)
    SEGGER_SYSVIEW_OnTaskCreate              0x080018e5   Thumb Code    60  segger_sysview.o(i.SEGGER_SYSVIEW_OnTaskCreate)
    SEGGER_SYSVIEW_OnTaskStartExec           0x08001925   Thumb Code    60  segger_sysview.o(i.SEGGER_SYSVIEW_OnTaskStartExec)
    SEGGER_SYSVIEW_OnTaskStartReady          0x08001965   Thumb Code    60  segger_sysview.o(i.SEGGER_SYSVIEW_OnTaskStartReady)
    SEGGER_SYSVIEW_RecordEnterISR            0x080019a5   Thumb Code    60  segger_sysview.o(i.SEGGER_SYSVIEW_RecordEnterISR)
    SEGGER_SYSVIEW_RecordExitISR             0x080019e9   Thumb Code    30  segger_sysview.o(i.SEGGER_SYSVIEW_RecordExitISR)
    SEGGER_SYSVIEW_RecordExitISRToScheduler  0x08001a0d   Thumb Code    30  segger_sysview.o(i.SEGGER_SYSVIEW_RecordExitISRToScheduler)
    SEGGER_SYSVIEW_RecordSystime             0x08001a31   Thumb Code    42  segger_sysview.o(i.SEGGER_SYSVIEW_RecordSystime)
    SEGGER_SYSVIEW_RecordU32                 0x08001a65   Thumb Code    54  segger_sysview.o(i.SEGGER_SYSVIEW_RecordU32)
    SEGGER_SYSVIEW_RecordU32x2               0x08001aa1   Thumb Code    76  segger_sysview.o(i.SEGGER_SYSVIEW_RecordU32x2)
    SEGGER_SYSVIEW_RecordVoid                0x08001af1   Thumb Code    30  segger_sysview.o(i.SEGGER_SYSVIEW_RecordVoid)
    SEGGER_SYSVIEW_SendModule                0x08001b15   Thumb Code   128  segger_sysview.o(i.SEGGER_SYSVIEW_SendModule)
    SEGGER_SYSVIEW_SendModuleDescription     0x08001b9d   Thumb Code    22  segger_sysview.o(i.SEGGER_SYSVIEW_SendModuleDescription)
    SEGGER_SYSVIEW_SendNumModules            0x08001bb9   Thumb Code    56  segger_sysview.o(i.SEGGER_SYSVIEW_SendNumModules)
    SEGGER_SYSVIEW_SendSysDesc               0x08001bf9   Thumb Code    42  segger_sysview.o(i.SEGGER_SYSVIEW_SendSysDesc)
    SEGGER_SYSVIEW_SendTaskInfo              0x08001c29   Thumb Code   194  segger_sysview.o(i.SEGGER_SYSVIEW_SendTaskInfo)
    SEGGER_SYSVIEW_SendTaskList              0x08001cf1   Thumb Code    18  segger_sysview.o(i.SEGGER_SYSVIEW_SendTaskList)
    SEGGER_SYSVIEW_SetRAMBase                0x08001d09   Thumb Code     6  segger_sysview.o(i.SEGGER_SYSVIEW_SetRAMBase)
    SEGGER_SYSVIEW_Start                     0x08001d15   Thumb Code   166  segger_sysview.o(i.SEGGER_SYSVIEW_Start)
    SEGGER_SYSVIEW_Stop                      0x08001dc5   Thumb Code    42  segger_sysview.o(i.SEGGER_SYSVIEW_Stop)
    SEGGER_SYSVIEW_Warn                      0x08001df5   Thumb Code    54  segger_sysview.o(i.SEGGER_SYSVIEW_Warn)
    SYSVIEW_AddTask                          0x08001e31   Thumb Code    90  segger_sysview_freertos.o(i.SYSVIEW_AddTask)
    SYSVIEW_SendTaskInfo                     0x08001ea1   Thumb Code    42  segger_sysview_freertos.o(i.SYSVIEW_SendTaskInfo)
    SysTick_Handler                          0x08001ecb   Thumb Code     4  stm32f4xx_it.o(i.SysTick_Handler)
    SystemClock_Config                       0x08001ed1   Thumb Code   140  main.o(i.SystemClock_Config)
    SystemInit                               0x08001f65   Thumb Code    12  system_stm32f4xx.o(i.SystemInit)
    TIM4_IRQHandler                          0x08001f75   Thumb Code    20  stm32f4xx_it.o(i.TIM4_IRQHandler)
    TIM_Base_SetConfig                       0x08001f8d   Thumb Code   156  stm32f4xx_hal_tim.o(i.TIM_Base_SetConfig)
    USART6_IRQHandler                        0x08002281   Thumb Code     6  stm32f4xx_it.o(i.USART6_IRQHandler)
    UsageFault_Handler                       0x0800228d   Thumb Code     2  stm32f4xx_it.o(i.UsageFault_Handler)
    main                                     0x08002625   Thumb Code    72  main.o(i.main)
    pvPortMalloc                             0x08002945   Thumb Code   148  heap_4.o(i.pvPortMalloc)
    pxPortInitialiseStack                    0x080029dd   Thumb Code    40  port.o(i.pxPortInitialiseStack)
    task1                                    0x08002a09   Thumb Code     2  main.o(i.task1)
    task2                                    0x08002a0b   Thumb Code     2  main.o(i.task2)
    uxListRemove                             0x08002a0d   Thumb Code    36  list.o(i.uxListRemove)
    vListInitialise                          0x08002a31   Thumb Code    22  list.o(i.vListInitialise)
    vListInitialiseItem                      0x08002a47   Thumb Code     6  list.o(i.vListInitialiseItem)
    vListInsertEnd                           0x08002a4d   Thumb Code    24  list.o(i.vListInsertEnd)
    vPortEnterCritical                       0x08002a65   Thumb Code    24  port.o(i.vPortEnterCritical)
    vPortExitCritical                        0x08002a81   Thumb Code    16  port.o(i.vPortExitCritical)
    vPortFree                                0x08002a95   Thumb Code    58  heap_4.o(i.vPortFree)
    vPortSetupTimerInterrupt                 0x08002ad5   Thumb Code    14  port.o(i.vPortSetupTimerInterrupt)
    vTaskStartScheduler                      0x08002ae9   Thumb Code    66  tasks.o(i.vTaskStartScheduler)
    vTaskSuspendAll                          0x08002b3d   Thumb Code    10  tasks.o(i.vTaskSuspendAll)
    vTaskSwitchContext                       0x08002b4d   Thumb Code    76  tasks.o(i.vTaskSwitchContext)
    xPortStartScheduler                      0x08002ba1   Thumb Code    52  port.o(i.xPortStartScheduler)
    xPortSysTickHandler                      0x08002be1   Thumb Code    52  port.o(i.xPortSysTickHandler)
    xTaskCreate                              0x08002c19   Thumb Code    86  tasks.o(i.xTaskCreate)
    xTaskGetTickCountFromISR                 0x08002c71   Thumb Code     6  tasks.o(i.xTaskGetTickCountFromISR)
    xTaskIncrementTick                       0x08002c7d   Thumb Code   176  tasks.o(i.xTaskIncrementTick)
    xTaskResumeAll                           0x08002d35   Thumb Code   170  tasks.o(i.xTaskResumeAll)
    _fp_init                                 0x08002ded   Thumb Code    10  fpinit.o(x$fpl$fpinit)
    __fplib_config_fpu_vfp                   0x08002df5   Thumb Code     0  fpinit.o(x$fpl$fpinit)
    __fplib_config_pureend_doubles           0x08002df5   Thumb Code     0  fpinit.o(x$fpl$fpinit)
    AHBPrescTable                            0x08002df6   Data          16  system_stm32f4xx.o(.constdata)
    APBPrescTable                            0x08002e06   Data           8  system_stm32f4xx.o(.constdata)
    SYSVIEW_X_OS_TraceAPI                    0x08002e4c   Data           8  segger_sysview_freertos.o(.constdata)
    Region$$Table$$Base                      0x08002ea4   Number         0  anon$$obj.o(Region$$Table)
    Region$$Table$$Limit                     0x08002ec4   Number         0  anon$$obj.o(Region$$Table)
    uwTickFreq                               0x20000008   Data           1  stm32f4xx_hal.o(.data)
    uwTickPrio                               0x2000000c   Data           4  stm32f4xx_hal.o(.data)
    uwTick                                   0x20000010   Data           4  stm32f4xx_hal.o(.data)
    SystemCoreClock                          0x20000014   Data           4  system_stm32f4xx.o(.data)
    pxCurrentTCB                             0x20000018   Data           4  tasks.o(.data)
    huart6                                   0x20000084   Data          68  usart.o(.bss)
    htim4                                    0x200000c8   Data          72  stm32f4xx_hal_timebase_tim.o(.bss)
    _SEGGER_RTT                              0x200047e0   Data         168  segger_rtt.o(.bss)
    __libspace_start                         0x20005244   Data          96  libspace.o(.bss)
    __temporary_stack_top$libspace           0x200052a4   Data           0  libspace.o(.bss)



==============================================================================

Memory Map of the image

  Image Entry point : 0x08000189

  Load Region LR_IROM1 (Base: 0x08000000, Size: 0x00002f48, Max: 0x00080000, ABSOLUTE)

    Execution Region ER_IROM1 (Exec base: 0x08000000, Load base: 0x08000000, Size: 0x00002ec4, Max: 0x00080000, ABSOLUTE)

    Exec Addr    Load Addr    Size         Type   Attr      Idx    E Section Name        Object

    0x08000000   0x08000000   0x00000188   Data   RO            3    RESET               startup_stm32f407xx.o
    0x08000188   0x08000188   0x00000008   Code   RO         4486  * !!!main             c_w.l(__main.o)
    0x08000190   0x08000190   0x00000034   Code   RO         4655    !!!scatter          c_w.l(__scatter.o)
    0x080001c4   0x080001c4   0x0000001a   Code   RO         4657    !!handler_copy      c_w.l(__scatter_copy.o)
    0x080001de   0x080001de   0x00000002   PAD
    0x080001e0   0x080001e0   0x0000001c   Code   RO         4659    !!handler_zi        c_w.l(__scatter_zi.o)
    0x080001fc   0x080001fc   0x00000002   Code   RO         4525    .ARM.Collect$$libinit$$00000000  c_w.l(libinit.o)
    0x080001fe   0x080001fe   0x00000004   Code   RO         4537    .ARM.Collect$$libinit$$00000001  c_w.l(libinit2.o)
    0x08000202   0x08000202   0x00000000   Code   RO         4540    .ARM.Collect$$libinit$$00000004  c_w.l(libinit2.o)
    0x08000202   0x08000202   0x00000000   Code   RO         4543    .ARM.Collect$$libinit$$0000000A  c_w.l(libinit2.o)
    0x08000202   0x08000202   0x00000000   Code   RO         4545    .ARM.Collect$$libinit$$0000000C  c_w.l(libinit2.o)
    0x08000202   0x08000202   0x00000000   Code   RO         4547    .ARM.Collect$$libinit$$0000000E  c_w.l(libinit2.o)
    0x08000202   0x08000202   0x00000000   Code   RO         4550    .ARM.Collect$$libinit$$00000011  c_w.l(libinit2.o)
    0x08000202   0x08000202   0x00000000   Code   RO         4552    .ARM.Collect$$libinit$$00000013  c_w.l(libinit2.o)
    0x08000202   0x08000202   0x00000000   Code   RO         4554    .ARM.Collect$$libinit$$00000015  c_w.l(libinit2.o)
    0x08000202   0x08000202   0x00000000   Code   RO         4556    .ARM.Collect$$libinit$$00000017  c_w.l(libinit2.o)
    0x08000202   0x08000202   0x00000000   Code   RO         4558    .ARM.Collect$$libinit$$00000019  c_w.l(libinit2.o)
    0x08000202   0x08000202   0x00000000   Code   RO         4560    .ARM.Collect$$libinit$$0000001B  c_w.l(libinit2.o)
    0x08000202   0x08000202   0x00000000   Code   RO         4562    .ARM.Collect$$libinit$$0000001D  c_w.l(libinit2.o)
    0x08000202   0x08000202   0x00000000   Code   RO         4564    .ARM.Collect$$libinit$$0000001F  c_w.l(libinit2.o)
    0x08000202   0x08000202   0x00000000   Code   RO         4566    .ARM.Collect$$libinit$$00000021  c_w.l(libinit2.o)
    0x08000202   0x08000202   0x00000000   Code   RO         4568    .ARM.Collect$$libinit$$00000023  c_w.l(libinit2.o)
    0x08000202   0x08000202   0x00000000   Code   RO         4570    .ARM.Collect$$libinit$$00000025  c_w.l(libinit2.o)
    0x08000202   0x08000202   0x00000000   Code   RO         4574    .ARM.Collect$$libinit$$0000002C  c_w.l(libinit2.o)
    0x08000202   0x08000202   0x00000000   Code   RO         4576    .ARM.Collect$$libinit$$0000002E  c_w.l(libinit2.o)
    0x08000202   0x08000202   0x00000000   Code   RO         4578    .ARM.Collect$$libinit$$00000030  c_w.l(libinit2.o)
    0x08000202   0x08000202   0x00000000   Code   RO         4580    .ARM.Collect$$libinit$$00000032  c_w.l(libinit2.o)
    0x08000202   0x08000202   0x00000002   Code   RO         4581    .ARM.Collect$$libinit$$00000033  c_w.l(libinit2.o)
    0x08000204   0x08000204   0x00000002   Code   RO         4612    .ARM.Collect$$libshutdown$$00000000  c_w.l(libshutdown.o)
    0x08000206   0x08000206   0x00000000   Code   RO         4638    .ARM.Collect$$libshutdown$$00000002  c_w.l(libshutdown2.o)
    0x08000206   0x08000206   0x00000000   Code   RO         4640    .ARM.Collect$$libshutdown$$00000004  c_w.l(libshutdown2.o)
    0x08000206   0x08000206   0x00000000   Code   RO         4643    .ARM.Collect$$libshutdown$$00000007  c_w.l(libshutdown2.o)
    0x08000206   0x08000206   0x00000000   Code   RO         4646    .ARM.Collect$$libshutdown$$0000000A  c_w.l(libshutdown2.o)
    0x08000206   0x08000206   0x00000000   Code   RO         4648    .ARM.Collect$$libshutdown$$0000000C  c_w.l(libshutdown2.o)
    0x08000206   0x08000206   0x00000000   Code   RO         4651    .ARM.Collect$$libshutdown$$0000000F  c_w.l(libshutdown2.o)
    0x08000206   0x08000206   0x00000002   Code   RO         4652    .ARM.Collect$$libshutdown$$00000010  c_w.l(libshutdown2.o)
    0x08000208   0x08000208   0x00000000   Code   RO         4488    .ARM.Collect$$rtentry$$00000000  c_w.l(__rtentry.o)
    0x08000208   0x08000208   0x00000000   Code   RO         4496    .ARM.Collect$$rtentry$$00000002  c_w.l(__rtentry2.o)
    0x08000208   0x08000208   0x00000006   Code   RO         4508    .ARM.Collect$$rtentry$$00000004  c_w.l(__rtentry4.o)
    0x0800020e   0x0800020e   0x00000000   Code   RO         4498    .ARM.Collect$$rtentry$$00000009  c_w.l(__rtentry2.o)
    0x0800020e   0x0800020e   0x00000004   Code   RO         4499    .ARM.Collect$$rtentry$$0000000A  c_w.l(__rtentry2.o)
    0x08000212   0x08000212   0x00000000   Code   RO         4501    .ARM.Collect$$rtentry$$0000000C  c_w.l(__rtentry2.o)
    0x08000212   0x08000212   0x00000008   Code   RO         4502    .ARM.Collect$$rtentry$$0000000D  c_w.l(__rtentry2.o)
    0x0800021a   0x0800021a   0x00000002   Code   RO         4529    .ARM.Collect$$rtexit$$00000000  c_w.l(rtexit.o)
    0x0800021c   0x0800021c   0x00000000   Code   RO         4585    .ARM.Collect$$rtexit$$00000002  c_w.l(rtexit2.o)
    0x0800021c   0x0800021c   0x00000004   Code   RO         4586    .ARM.Collect$$rtexit$$00000003  c_w.l(rtexit2.o)
    0x08000220   0x08000220   0x00000006   Code   RO         4587    .ARM.Collect$$rtexit$$00000004  c_w.l(rtexit2.o)
    0x08000226   0x08000226   0x00000002   PAD
    0x08000228   0x08000228   0x000000b6   Code   RO         3469    .emb_text           port.o
    0x080002de   0x080002de   0x00000002   PAD
    0x080002e0   0x080002e0   0x00000040   Code   RO            4    .text               startup_stm32f407xx.o
    0x08000320   0x08000320   0x000000ee   Code   RO         4474    .text               c_w.l(lludivv7m.o)
    0x0800040e   0x0800040e   0x00000058   Code   RO         4476    .text               c_w.l(memcmp.o)
    0x08000466   0x08000466   0x0000008a   Code   RO         4480    .text               c_w.l(rt_memcpy_v6.o)
    0x080004f0   0x080004f0   0x0000004e   Code   RO         4482    .text               c_w.l(rt_memclr_w.o)
    0x0800053e   0x0800053e   0x00000006   Code   RO         4484    .text               c_w.l(heapauxi.o)
    0x08000544   0x08000544   0x00000064   Code   RO         4493    .text               c_w.l(rt_memcpy_w.o)
    0x080005a8   0x080005a8   0x0000004a   Code   RO         4512    .text               c_w.l(sys_stackheap_outer.o)
    0x080005f2   0x080005f2   0x00000012   Code   RO         4514    .text               c_w.l(exit.o)
    0x08000604   0x08000604   0x00000008   Code   RO         4526    .text               c_w.l(libspace.o)
    0x0800060c   0x0800060c   0x0000000c   Code   RO         4582    .text               c_w.l(sys_exit.o)
    0x08000618   0x08000618   0x00000002   Code   RO         4601    .text               c_w.l(use_no_semi.o)
    0x0800061a   0x0800061a   0x00000000   Code   RO         4603    .text               c_w.l(indicate_semi.o)
    0x0800061a   0x0800061a   0x00000002   Code   RO          291    i.BusFault_Handler  stm32f4xx_it.o
    0x0800061c   0x0800061c   0x00000002   Code   RO          292    i.DebugMon_Handler  stm32f4xx_it.o
    0x0800061e   0x0800061e   0x00000004   Code   RO           13    i.Error_Handler     main.o
    0x08000622   0x08000622   0x00000092   Code   RO         2225    i.HAL_DMA_Abort     stm32f4xx_hal_dma.o
    0x080006b4   0x080006b4   0x00000024   Code   RO         2226    i.HAL_DMA_Abort_IT  stm32f4xx_hal_dma.o
    0x080006d8   0x080006d8   0x000001f0   Code   RO         2118    i.HAL_GPIO_Init     stm32f4xx_hal_gpio.o
    0x080008c8   0x080008c8   0x0000000c   Code   RO         2650    i.HAL_GetTick       stm32f4xx_hal.o
    0x080008d4   0x080008d4   0x00000010   Code   RO         2656    i.HAL_IncTick       stm32f4xx_hal.o
    0x080008e4   0x080008e4   0x00000034   Code   RO         2657    i.HAL_Init          stm32f4xx_hal.o
    0x08000918   0x08000918   0x00000098   Code   RO          394    i.HAL_InitTick      stm32f4xx_hal_timebase_tim.o
    0x080009b0   0x080009b0   0x00000030   Code   RO          370    i.HAL_MspInit       stm32f4xx_hal_msp.o
    0x080009e0   0x080009e0   0x0000001a   Code   RO         2507    i.HAL_NVIC_EnableIRQ  stm32f4xx_hal_cortex.o
    0x080009fa   0x080009fa   0x00000002   PAD
    0x080009fc   0x080009fc   0x00000040   Code   RO         2513    i.HAL_NVIC_SetPriority  stm32f4xx_hal_cortex.o
    0x08000a3c   0x08000a3c   0x00000024   Code   RO         2514    i.HAL_NVIC_SetPriorityGrouping  stm32f4xx_hal_cortex.o
    0x08000a60   0x08000a60   0x00000134   Code   RO         1764    i.HAL_RCC_ClockConfig  stm32f4xx_hal_rcc.o
    0x08000b94   0x08000b94   0x00000040   Code   RO         1768    i.HAL_RCC_GetClockConfig  stm32f4xx_hal_rcc.o
    0x08000bd4   0x08000bd4   0x00000020   Code   RO         1771    i.HAL_RCC_GetPCLK1Freq  stm32f4xx_hal_rcc.o
    0x08000bf4   0x08000bf4   0x00000020   Code   RO         1772    i.HAL_RCC_GetPCLK2Freq  stm32f4xx_hal_rcc.o
    0x08000c14   0x08000c14   0x00000064   Code   RO         1773    i.HAL_RCC_GetSysClockFreq  stm32f4xx_hal_rcc.o
    0x08000c78   0x08000c78   0x0000036c   Code   RO         1776    i.HAL_RCC_OscConfig  stm32f4xx_hal_rcc.o
    0x08000fe4   0x08000fe4   0x00000002   Code   RO         1139    i.HAL_TIMEx_BreakCallback  stm32f4xx_hal_tim_ex.o
    0x08000fe6   0x08000fe6   0x00000002   Code   RO         1140    i.HAL_TIMEx_CommutCallback  stm32f4xx_hal_tim_ex.o
    0x08000fe8   0x08000fe8   0x0000005a   Code   RO          435    i.HAL_TIM_Base_Init  stm32f4xx_hal_tim.o
    0x08001042   0x08001042   0x00000002   Code   RO          437    i.HAL_TIM_Base_MspInit  stm32f4xx_hal_tim.o
    0x08001044   0x08001044   0x00000080   Code   RO          440    i.HAL_TIM_Base_Start_IT  stm32f4xx_hal_tim.o
    0x080010c4   0x080010c4   0x00000002   Code   RO          469    i.HAL_TIM_IC_CaptureCallback  stm32f4xx_hal_tim.o
    0x080010c6   0x080010c6   0x00000166   Code   RO          483    i.HAL_TIM_IRQHandler  stm32f4xx_hal_tim.o
    0x0800122c   0x0800122c   0x00000002   Code   RO          486    i.HAL_TIM_OC_DelayElapsedCallback  stm32f4xx_hal_tim.o
    0x0800122e   0x0800122e   0x00000002   Code   RO          513    i.HAL_TIM_PWM_PulseFinishedCallback  stm32f4xx_hal_tim.o
    0x08001230   0x08001230   0x00000014   Code   RO           14    i.HAL_TIM_PeriodElapsedCallback  main.o
    0x08001244   0x08001244   0x00000002   Code   RO          526    i.HAL_TIM_TriggerCallback  stm32f4xx_hal_tim.o
    0x08001246   0x08001246   0x00000002   Code   RO         1417    i.HAL_UARTEx_RxEventCallback  stm32f4xx_hal_uart.o
    0x08001248   0x08001248   0x00000002   Code   RO         1431    i.HAL_UART_ErrorCallback  stm32f4xx_hal_uart.o
    0x0800124a   0x0800124a   0x00000002   PAD
    0x0800124c   0x0800124c   0x00000268   Code   RO         1434    i.HAL_UART_IRQHandler  stm32f4xx_hal_uart.o
    0x080014b4   0x080014b4   0x00000062   Code   RO         1435    i.HAL_UART_Init     stm32f4xx_hal_uart.o
    0x08001516   0x08001516   0x00000002   PAD
    0x08001518   0x08001518   0x00000078   Code   RO          250    i.HAL_UART_MspInit  usart.o
    0x08001590   0x08001590   0x00000002   Code   RO         1441    i.HAL_UART_RxCpltCallback  stm32f4xx_hal_uart.o
    0x08001592   0x08001592   0x00000002   Code   RO         1446    i.HAL_UART_TxCpltCallback  stm32f4xx_hal_uart.o
    0x08001594   0x08001594   0x00000002   Code   RO          293    i.HardFault_Handler  stm32f4xx_it.o
    0x08001596   0x08001596   0x00000002   PAD
    0x08001598   0x08001598   0x0000002c   Code   RO          225    i.MX_GPIO_Init      gpio.o
    0x080015c4   0x080015c4   0x00000038   Code   RO          251    i.MX_USART6_UART_Init  usart.o
    0x080015fc   0x080015fc   0x00000002   Code   RO          294    i.MemManage_Handler  stm32f4xx_it.o
    0x080015fe   0x080015fe   0x00000002   Code   RO          295    i.NMI_Handler       stm32f4xx_it.o
    0x08001600   0x08001600   0x0000006c   Code   RO         3590    i.SEGGER_RTT_AllocUpBuffer  segger_rtt.o
    0x0800166c   0x0800166c   0x00000060   Code   RO         3591    i.SEGGER_RTT_ConfigDownBuffer  segger_rtt.o
    0x080016cc   0x080016cc   0x0000007c   Code   RO         3604    i.SEGGER_RTT_ReadNoLock  segger_rtt.o
    0x08001748   0x08001748   0x00000070   Code   RO         3618    i.SEGGER_RTT_WriteSkipNoLock  segger_rtt.o
    0x080017b8   0x080017b8   0x00000028   Code   RO         4454    i.SEGGER_SYSVIEW_Conf  segger_sysview_config_freertos.o
    0x080017e0   0x080017e0   0x00000080   Code   RO         3867    i.SEGGER_SYSVIEW_GetSysDesc  segger_sysview.o
    0x08001860   0x08001860   0x00000060   Code   RO         3872    i.SEGGER_SYSVIEW_Init  segger_sysview.o
    0x080018c0   0x080018c0   0x00000024   Code   RO         3879    i.SEGGER_SYSVIEW_OnIdle  segger_sysview.o
    0x080018e4   0x080018e4   0x00000040   Code   RO         3880    i.SEGGER_SYSVIEW_OnTaskCreate  segger_sysview.o
    0x08001924   0x08001924   0x00000040   Code   RO         3881    i.SEGGER_SYSVIEW_OnTaskStartExec  segger_sysview.o
    0x08001964   0x08001964   0x00000040   Code   RO         3882    i.SEGGER_SYSVIEW_OnTaskStartReady  segger_sysview.o
    0x080019a4   0x080019a4   0x00000044   Code   RO         3893    i.SEGGER_SYSVIEW_RecordEnterISR  segger_sysview.o
    0x080019e8   0x080019e8   0x00000024   Code   RO         3895    i.SEGGER_SYSVIEW_RecordExitISR  segger_sysview.o
    0x08001a0c   0x08001a0c   0x00000024   Code   RO         3896    i.SEGGER_SYSVIEW_RecordExitISRToScheduler  segger_sysview.o
    0x08001a30   0x08001a30   0x00000034   Code   RO         3900    i.SEGGER_SYSVIEW_RecordSystime  segger_sysview.o
    0x08001a64   0x08001a64   0x0000003c   Code   RO         3901    i.SEGGER_SYSVIEW_RecordU32  segger_sysview.o
    0x08001aa0   0x08001aa0   0x00000050   Code   RO         3903    i.SEGGER_SYSVIEW_RecordU32x2  segger_sysview.o
    0x08001af0   0x08001af0   0x00000024   Code   RO         3911    i.SEGGER_SYSVIEW_RecordVoid  segger_sysview.o
    0x08001b14   0x08001b14   0x00000088   Code   RO         3913    i.SEGGER_SYSVIEW_SendModule  segger_sysview.o
    0x08001b9c   0x08001b9c   0x0000001c   Code   RO         3914    i.SEGGER_SYSVIEW_SendModuleDescription  segger_sysview.o
    0x08001bb8   0x08001bb8   0x00000040   Code   RO         3915    i.SEGGER_SYSVIEW_SendNumModules  segger_sysview.o
    0x08001bf8   0x08001bf8   0x00000030   Code   RO         3917    i.SEGGER_SYSVIEW_SendSysDesc  segger_sysview.o
    0x08001c28   0x08001c28   0x000000c8   Code   RO         3918    i.SEGGER_SYSVIEW_SendTaskInfo  segger_sysview.o
    0x08001cf0   0x08001cf0   0x00000018   Code   RO         3919    i.SEGGER_SYSVIEW_SendTaskList  segger_sysview.o
    0x08001d08   0x08001d08   0x0000000c   Code   RO         3920    i.SEGGER_SYSVIEW_SetRAMBase  segger_sysview.o
    0x08001d14   0x08001d14   0x000000b0   Code   RO         3922    i.SEGGER_SYSVIEW_Start  segger_sysview.o
    0x08001dc4   0x08001dc4   0x00000030   Code   RO         3923    i.SEGGER_SYSVIEW_Stop  segger_sysview.o
    0x08001df4   0x08001df4   0x0000003c   Code   RO         3932    i.SEGGER_SYSVIEW_Warn  segger_sysview.o
    0x08001e30   0x08001e30   0x00000070   Code   RO         4393    i.SYSVIEW_AddTask   segger_sysview_freertos.o
    0x08001ea0   0x08001ea0   0x0000002a   Code   RO         4397    i.SYSVIEW_SendTaskInfo  segger_sysview_freertos.o
    0x08001eca   0x08001eca   0x00000004   Code   RO          296    i.SysTick_Handler   stm32f4xx_it.o
    0x08001ece   0x08001ece   0x00000002   PAD
    0x08001ed0   0x08001ed0   0x00000094   Code   RO           15    i.SystemClock_Config  main.o
    0x08001f64   0x08001f64   0x00000010   Code   RO         2896    i.SystemInit        system_stm32f4xx.o
    0x08001f74   0x08001f74   0x00000018   Code   RO          297    i.TIM4_IRQHandler   stm32f4xx_it.o
    0x08001f8c   0x08001f8c   0x000000c8   Code   RO          528    i.TIM_Base_SetConfig  stm32f4xx_hal_tim.o
    0x08002054   0x08002054   0x00000010   Code   RO         1448    i.UART_DMAAbortOnError  stm32f4xx_hal_uart.o
    0x08002064   0x08002064   0x0000004e   Code   RO         1458    i.UART_EndRxTransfer  stm32f4xx_hal_uart.o
    0x080020b2   0x080020b2   0x000000c0   Code   RO         1460    i.UART_Receive_IT   stm32f4xx_hal_uart.o
    0x08002172   0x08002172   0x00000002   PAD
    0x08002174   0x08002174   0x0000010c   Code   RO         1461    i.UART_SetConfig    stm32f4xx_hal_uart.o
    0x08002280   0x08002280   0x0000000c   Code   RO          298    i.USART6_IRQHandler  stm32f4xx_it.o
    0x0800228c   0x0800228c   0x00000002   Code   RO          299    i.UsageFault_Handler  stm32f4xx_it.o
    0x0800228e   0x0800228e   0x00000002   PAD
    0x08002290   0x08002290   0x00000064   Code   RO         3621    i._DoInit           segger_rtt.o
    0x080022f4   0x080022f4   0x00000026   Code   RO         3935    i._EncodeStr        segger_sysview.o
    0x0800231a   0x0800231a   0x00000002   PAD
    0x0800231c   0x0800231c   0x00000094   Code   RO         3936    i._HandleIncomingPacket  segger_sysview.o
    0x080023b0   0x080023b0   0x0000013c   Code   RO         3939    i._SendPacket       segger_sysview.o
    0x080024ec   0x080024ec   0x00000068   Code   RO         3941    i._TrySendOverflowPacket  segger_sysview.o
    0x08002554   0x08002554   0x00000020   Code   RO         2520    i.__NVIC_SetPriority  stm32f4xx_hal_cortex.o
    0x08002574   0x08002574   0x0000001e   Code   RO         4399    i._cbGetTime        segger_sysview_freertos.o
    0x08002592   0x08002592   0x00000002   PAD
    0x08002594   0x08002594   0x00000058   Code   RO         4455    i._cbSendSystemDesc  segger_sysview_config_freertos.o
    0x080025ec   0x080025ec   0x00000038   Code   RO         4400    i._cbSendTaskList   segger_sysview_freertos.o
    0x08002624   0x08002624   0x00000064   Code   RO           16    i.main              main.o
    0x08002688   0x08002688   0x000000f0   Code   RO         3185    i.prvAddNewTaskToReadyList  tasks.o
    0x08002778   0x08002778   0x00000050   Code   RO         3186    i.prvCheckTasksWaitingTermination  tasks.o
    0x080027c8   0x080027c8   0x00000014   Code   RO         3187    i.prvDeleteTCB      tasks.o
    0x080027dc   0x080027dc   0x0000004c   Code   RO         3540    i.prvHeapInit       heap_4.o
    0x08002828   0x08002828   0x00000028   Code   RO         3188    i.prvIdleTask       tasks.o
    0x08002850   0x08002850   0x00000078   Code   RO         3189    i.prvInitialiseNewTask  tasks.o
    0x080028c8   0x080028c8   0x0000004c   Code   RO         3541    i.prvInsertBlockIntoFreeList  heap_4.o
    0x08002914   0x08002914   0x00000020   Code   RO         3190    i.prvResetNextTaskUnblockTime  tasks.o
    0x08002934   0x08002934   0x00000010   Code   RO         3470    i.prvTaskExitError  port.o
    0x08002944   0x08002944   0x00000098   Code   RO         3542    i.pvPortMalloc      heap_4.o
    0x080029dc   0x080029dc   0x0000002c   Code   RO         3471    i.pxPortInitialiseStack  port.o
    0x08002a08   0x08002a08   0x00000002   Code   RO           17    i.task1             main.o
    0x08002a0a   0x08002a0a   0x00000002   Code   RO           18    i.task2             main.o
    0x08002a0c   0x08002a0c   0x00000024   Code   RO         3031    i.uxListRemove      list.o
    0x08002a30   0x08002a30   0x00000016   Code   RO         3032    i.vListInitialise   list.o
    0x08002a46   0x08002a46   0x00000006   Code   RO         3033    i.vListInitialiseItem  list.o
    0x08002a4c   0x08002a4c   0x00000018   Code   RO         3035    i.vListInsertEnd    list.o
    0x08002a64   0x08002a64   0x0000001c   Code   RO         3473    i.vPortEnterCritical  port.o
    0x08002a80   0x08002a80   0x00000014   Code   RO         3474    i.vPortExitCritical  port.o
    0x08002a94   0x08002a94   0x00000040   Code   RO         3543    i.vPortFree         heap_4.o
    0x08002ad4   0x08002ad4   0x00000014   Code   RO         3475    i.vPortSetupTimerInterrupt  port.o
    0x08002ae8   0x08002ae8   0x00000054   Code   RO         3209    i.vTaskStartScheduler  tasks.o
    0x08002b3c   0x08002b3c   0x00000010   Code   RO         3211    i.vTaskSuspendAll   tasks.o
    0x08002b4c   0x08002b4c   0x00000054   Code   RO         3212    i.vTaskSwitchContext  tasks.o
    0x08002ba0   0x08002ba0   0x00000040   Code   RO         3476    i.xPortStartScheduler  port.o
    0x08002be0   0x08002be0   0x00000038   Code   RO         3477    i.xPortSysTickHandler  port.o
    0x08002c18   0x08002c18   0x00000056   Code   RO         3214    i.xTaskCreate       tasks.o
    0x08002c6e   0x08002c6e   0x00000002   PAD
    0x08002c70   0x08002c70   0x0000000c   Code   RO         3219    i.xTaskGetTickCountFromISR  tasks.o
    0x08002c7c   0x08002c7c   0x000000b8   Code   RO         3220    i.xTaskIncrementTick  tasks.o
    0x08002d34   0x08002d34   0x000000b8   Code   RO         3225    i.xTaskResumeAll    tasks.o
    0x08002dec   0x08002dec   0x0000000a   Code   RO         4597    x$fpl$fpinit        fz_wm.l(fpinit.o)
    0x08002df6   0x08002df6   0x00000010   Data   RO         2897    .constdata          system_stm32f4xx.o
    0x08002e06   0x08002e06   0x00000008   Data   RO         2898    .constdata          system_stm32f4xx.o
    0x08002e0e   0x08002e0e   0x00000021   Data   RO         3627    .constdata          segger_rtt.o
    0x08002e2f   0x08002e2f   0x0000001a   Data   RO         3945    .constdata          segger_sysview.o
    0x08002e49   0x08002e49   0x00000003   PAD
    0x08002e4c   0x08002e4c   0x00000008   Data   RO         4402    .constdata          segger_sysview_freertos.o
    0x08002e54   0x08002e54   0x00000050   Data   RO         4403    .conststring        segger_sysview_freertos.o
    0x08002ea4   0x08002ea4   0x00000020   Data   RO         4653    Region$$Table       anon$$obj.o


    Execution Region RW_IRAM1 (Exec base: 0x20000000, Load base: 0x08002ec4, Size: 0x000058a8, Max: 0x0001c000, ABSOLUTE)

    Exec Addr    Load Addr    Size         Type   Attr      Idx    E Section Name        Object

    0x20000000   0x08002ec4   0x00000008   Data   RW           19    .data               main.o
    0x20000008   0x08002ecc   0x0000000c   Data   RW         2664    .data               stm32f4xx_hal.o
    0x20000014   0x08002ed8   0x00000004   Data   RW         2899    .data               system_stm32f4xx.o
    0x20000018   0x08002edc   0x0000003c   Data   RW         3228    .data               tasks.o
    0x20000054   0x08002f18   0x00000004   Data   RW         3478    .data               port.o
    0x20000058   0x08002f1c   0x00000018   Data   RW         3548    .data               heap_4.o
    0x20000070   0x08002f34   0x00000010   Data   RW         3948    .data               segger_sysview.o
    0x20000080   0x08002f44   0x00000004   Data   RW         4404    .data               segger_sysview_freertos.o
    0x20000084        -       0x00000044   Zero   RW          252    .bss                usart.o
    0x200000c8        -       0x00000048   Zero   RW          397    .bss                stm32f4xx_hal_timebase_tim.o
    0x20000110        -       0x000002d0   Zero   RW         3227    .bss                tasks.o
    0x200003e0        -       0x00004400   Zero   RW         3547    .bss                heap_4.o
    0x200047e0        -       0x000004b8   Zero   RW         3626    .bss                segger_rtt.o
    0x20004c98        -       0x0000050b   Zero   RW         3944    .bss                segger_sysview.o
    0x200051a3   0x08002f48   0x00000001   PAD
    0x200051a4        -       0x000000a0   Zero   RW         4401    .bss                segger_sysview_freertos.o
    0x20005244        -       0x00000060   Zero   RW         4527    .bss                c_w.l(libspace.o)
    0x200052a4   0x08002f48   0x00000004   PAD
    0x200052a8        -       0x00000200   Zero   RW            2    HEAP                startup_stm32f407xx.o
    0x200054a8        -       0x00000400   Zero   RW            1    STACK               startup_stm32f407xx.o


    Execution Region RW_IRAM2 (Exec base: 0x2001c000, Load base: 0x08002f48, Size: 0x00000000, Max: 0x00004000, ABSOLUTE)

    **** No section assigned to this execution region ****


==============================================================================

Image component sizes


      Code (inc. data)   RO Data    RW Data    ZI Data      Debug   Object Name

         0          0          0          0          0       1472   event_groups.o
        44          6          0          0          0        827   gpio.o
       368         24          0         24      17408       3943   heap_4.o
        88          0          0          0          0       2584   list.o
       276         42          0          8          0     709528   main.o
       430         50          0          4          0       9652   port.o
       540         38         33          0       1208      10380   segger_rtt.o
      2222        186         26         16       1291      31290   segger_sysview.o
       128         84          0          0          0       1126   segger_sysview_config_freertos.o
       240         30         88          4        160       4069   segger_sysview_freertos.o
        64         26        392          0       1536        860   startup_stm32f407xx.o
        80         14          0         12          0       8170   stm32f4xx_hal.o
       158         14          0          0          0      33226   stm32f4xx_hal_cortex.o
       182          0          0          0          0       2147   stm32f4xx_hal_dma.o
       496         46          0          0          0       1564   stm32f4xx_hal_gpio.o
        48          6          0          0          0        886   stm32f4xx_hal_msp.o
      1412         86          0          0          0       6001   stm32f4xx_hal_rcc.o
       786         72          0          0          0       7504   stm32f4xx_hal_tim.o
         4          0          0          0          0       1645   stm32f4xx_hal_tim_ex.o
       152         20          0          0         72       1523   stm32f4xx_hal_timebase_tim.o
      1276         16          0          0          0       8496   stm32f4xx_hal_uart.o
        52         10          0          0          0       4361   stm32f4xx_it.o
        16          4         24          4          0       1175   system_stm32f4xx.o
      1182        104          0         60        720      21268   tasks.o
       176         20          0          0         68       1778   usart.o

    ----------------------------------------------------------------------
     10442        898        598        132      22464     875475   Object Totals
         0          0         32          0          0          0   (incl. Generated)
        22          0          3          0          1          0   (incl. Padding)

    ----------------------------------------------------------------------

      Code (inc. data)   RO Data    RW Data    ZI Data      Debug   Library Member Name

         8          0          0          0          0         68   __main.o
         0          0          0          0          0          0   __rtentry.o
        12          0          0          0          0          0   __rtentry2.o
         6          0          0          0          0          0   __rtentry4.o
        52          8          0          0          0          0   __scatter.o
        26          0          0          0          0          0   __scatter_copy.o
        28          0          0          0          0          0   __scatter_zi.o
        18          0          0          0          0         80   exit.o
         6          0          0          0          0        152   heapauxi.o
         0          0          0          0          0          0   indicate_semi.o
         2          0          0          0          0          0   libinit.o
         6          0          0          0          0          0   libinit2.o
         2          0          0          0          0          0   libshutdown.o
         2          0          0          0          0          0   libshutdown2.o
         8          4          0          0         96         68   libspace.o
       238          0          0          0          0        100   lludivv7m.o
        88          0          0          0          0         76   memcmp.o
        78          0          0          0          0         80   rt_memclr_w.o
       138          0          0          0          0         68   rt_memcpy_v6.o
       100          0          0          0          0         80   rt_memcpy_w.o
         2          0          0          0          0          0   rtexit.o
        10          0          0          0          0          0   rtexit2.o
        12          4          0          0          0         68   sys_exit.o
        74          0          0          0          0         80   sys_stackheap_outer.o
         2          0          0          0          0         68   use_no_semi.o
        10          0          0          0          0        116   fpinit.o

    ----------------------------------------------------------------------
       932         16          0          0        100       1104   Library Totals
         4          0          0          0          4          0   (incl. Padding)

    ----------------------------------------------------------------------

      Code (inc. data)   RO Data    RW Data    ZI Data      Debug   Library Name

       918         16          0          0         96        988   c_w.l
        10          0          0          0          0        116   fz_wm.l

    ----------------------------------------------------------------------
       932         16          0          0        100       1104   Library Totals

    ----------------------------------------------------------------------

==============================================================================


      Code (inc. data)   RO Data    RW Data    ZI Data      Debug   

     11374        914        598        132      22564     864463   Grand Totals
     11374        914        598        132      22564     864463   ELF Image Totals
     11374        914        598        132          0          0   ROM Totals

==============================================================================

    Total RO  Size (Code + RO Data)                11972 (  11.69kB)
    Total RW  Size (RW Data + ZI Data)             22696 (  22.16kB)
    Total ROM Size (Code + RO Data + RW Data)      12104 (  11.82kB)

==============================================================================

